[     122ms] [LOG] [Fast Refresh] rebuilding @ http://localhost:3000/_next/static/chunks/node_modules_next_dist_115brz8._.js:2477
[     180ms] [LOG] [Fast Refresh] done in 164ms @ http://localhost:3000/_next/static/chunks/node_modules_next_dist_115brz8._.js:2477
[     252ms] [INFO] %cDownload the React DevTools for a better development experience: https://react.dev/link/react-devtools font-weight:bold @ http://localhost:3000/_next/static/chunks/node_modules_next_dist_115brz8._.js:2477
[     270ms] [LOG] [HMR] connected @ http://localhost:3000/_next/static/chunks/node_modules_next_dist_115brz8._.js:2477
[  498051ms] [LOG] [Fast Refresh] rebuilding @ http://localhost:3000/_next/static/chunks/node_modules_next_dist_115brz8._.js:2477
[  500324ms] [ERROR] ./app/master/autorizacoes/nova/page.tsx:13:1
Export calcularPercentualControlado doesn't exist in target module
  11 |   Tv2, Megaphone, Music2, Info
  12 | } from 'lucide-react'
> 13 | import { MOCK_OBRAS, calcularPercentualControlado, getLinksById } from '@/lib/mock-obras'
     | ^^^^^^^^^^^^^^^^^^^^^^^^^^^^^^^^^^^^^^^^^^^^^^^^^^^^^^^^^^^^^^^^^^^^^^^^^^^^^^^^^^^^^^^^^
  14 | import { MOCK_TITULARES } from '@/lib/mock-cadastros'
  15 | import {
  16 |   TIPO_AUTORIZACAO_LABELS, TIPO_AUTORIZACAO_DESCRICAO, TIPO_AUTORIZACAO_COLORS,

The export calcularPercentualControlado was not found in module [project]/lib/mock-obras.ts [app-client] (ecmascript).
Did you mean to import default?
All exports of the module are statically known (It doesn't have dynamic exports). So it's known statically that the requested export doesn't exist.

Import traces:
  Client Component Browser:
    ./app/master/autorizacoes/nova/page.tsx [Client Component Browser]
    ./app/master/autorizacoes/nova/page.tsx [Server Component]

  Client Component SSR:
    ./app/master/autorizacoes/nova/page.tsx [Client Component SSR]
    ./app/master/autorizacoes/nova/page.tsx [Server Component] @ http://localhost:3000/_next/static/chunks/node_modules_next_dist_115brz8._.js:3318
[  500325ms] [ERROR] ./app/master/autorizacoes/nova/page.tsx:13:1
Export calcularPercentualControlado doesn't exist in target module
  11 |   Tv2, Megaphone, Music2, Info
  12 | } from 'lucide-react'
> 13 | import { MOCK_OBRAS, calcularPercentualControlado, getLinksById } from '@/lib/mock-obras'
     | ^^^^^^^^^^^^^^^^^^^^^^^^^^^^^^^^^^^^^^^^^^^^^^^^^^^^^^^^^^^^^^^^^^^^^^^^^^^^^^^^^^^^^^^^^
  14 | import { MOCK_TITULARES } from '@/lib/mock-cadastros'
  15 | import {
  16 |   TIPO_AUTORIZACAO_LABELS, TIPO_AUTORIZACAO_DESCRICAO, TIPO_AUTORIZACAO_COLORS,

The export calcularPercentualControlado was not found in module [project]/lib/mock-obras.ts [app-ssr] (ecmascript).
Did you mean to import default?
All exports of the module are statically known (It doesn't have dynamic exports). So it's known statically that the requested export doesn't exist.

Import traces:
  Client Component Browser:
    ./app/master/autorizacoes/nova/page.tsx [Client Component Browser]
    ./app/master/autorizacoes/nova/page.tsx [Server Component]

  Client Component SSR:
    ./app/master/autorizacoes/nova/page.tsx [Client Component SSR]
    ./app/master/autorizacoes/nova/page.tsx [Server Component] @ http://localhost:3000/_next/static/chunks/node_modules_next_dist_115brz8._.js:3318
[  500326ms] [ERROR] ./app/master/autorizacoes/nova/page.tsx:13:1
Export getLinksById doesn't exist in target module
  11 |   Tv2, Megaphone, Music2, Info
  12 | } from 'lucide-react'
> 13 | import { MOCK_OBRAS, calcularPercentualControlado, getLinksById } from '@/lib/mock-obras'
     | ^^^^^^^^^^^^^^^^^^^^^^^^^^^^^^^^^^^^^^^^^^^^^^^^^^^^^^^^^^^^^^^^^^^^^^^^^^^^^^^^^^^^^^^^^
  14 | import { MOCK_TITULARES } from '@/lib/mock-cadastros'
  15 | import {
  16 |   TIPO_AUTORIZACAO_LABELS, TIPO_AUTORIZACAO_DESCRICAO, TIPO_AUTORIZACAO_COLORS,

The export getLinksById was not found in module [project]/lib/mock-obras.ts [app-client] (ecmascript).
Did you mean to import default?
All exports of the module are statically known (It doesn't have dynamic exports). So it's known statically that the requested export doesn't exist.

Import traces:
  Client Component Browser:
    ./app/master/autorizacoes/nova/page.tsx [Client Component Browser]
    ./app/master/autorizacoes/nova/page.tsx [Server Component]

  Client Component SSR:
    ./app/master/autorizacoes/nova/page.tsx [Client Component SSR]
    ./app/master/autorizacoes/nova/page.tsx [Server Component] @ http://localhost:3000/_next/static/chunks/node_modules_next_dist_115brz8._.js:3318
[  500326ms] [ERROR] ./app/master/autorizacoes/nova/page.tsx:13:1
Export getLinksById doesn't exist in target module
  11 |   Tv2, Megaphone, Music2, Info
  12 | } from 'lucide-react'
> 13 | import { MOCK_OBRAS, calcularPercentualControlado, getLinksById } from '@/lib/mock-obras'
     | ^^^^^^^^^^^^^^^^^^^^^^^^^^^^^^^^^^^^^^^^^^^^^^^^^^^^^^^^^^^^^^^^^^^^^^^^^^^^^^^^^^^^^^^^^
  14 | import { MOCK_TITULARES } from '@/lib/mock-cadastros'
  15 | import {
  16 |   TIPO_AUTORIZACAO_LABELS, TIPO_AUTORIZACAO_DESCRICAO, TIPO_AUTORIZACAO_COLORS,

The export getLinksById was not found in module [project]/lib/mock-obras.ts [app-ssr] (ecmascript).
Did you mean to import default?
All exports of the module are statically known (It doesn't have dynamic exports). So it's known statically that the requested export doesn't exist.

Import traces:
  Client Component Browser:
    ./app/master/autorizacoes/nova/page.tsx [Client Component Browser]
    ./app/master/autorizacoes/nova/page.tsx [Server Component]

  Client Component SSR:
    ./app/master/autorizacoes/nova/page.tsx [Client Component SSR]
    ./app/master/autorizacoes/nova/page.tsx [Server Component] @ http://localhost:3000/_next/static/chunks/node_modules_next_dist_115brz8._.js:3318
[  500793ms] [LOG] [Fast Refresh] rebuilding @ http://localhost:3000/_next/static/chunks/node_modules_next_dist_115brz8._.js:2477
[  500852ms] [ERROR] ./app/master/autorizacoes/nova/page.tsx:13:1
Export calcularPercentualControlado doesn't exist in target module
  11 |   Tv2, Megaphone, Music2, Info
  12 | } from 'lucide-react'
> 13 | import { MOCK_OBRAS, calcularPercentualControlado, getLinksById } from '@/lib/mock-obras'
     | ^^^^^^^^^^^^^^^^^^^^^^^^^^^^^^^^^^^^^^^^^^^^^^^^^^^^^^^^^^^^^^^^^^^^^^^^^^^^^^^^^^^^^^^^^
  14 | import { MOCK_TITULARES } from '@/lib/mock-cadastros'
  15 | import {
  16 |   TIPO_AUTORIZACAO_LABELS, TIPO_AUTORIZACAO_DESCRICAO, TIPO_AUTORIZACAO_COLORS,

The export calcularPercentualControlado was not found in module [project]/lib/mock-obras.ts [app-client] (ecmascript).
Did you mean to import default?
All exports of the module are statically known (It doesn't have dynamic exports). So it's known statically that the requested export doesn't exist.

Import traces:
  Client Component Browser:
    ./app/master/autorizacoes/nova/page.tsx [Client Component Browser]
    ./app/master/autorizacoes/nova/page.tsx [Server Component]

  Client Component SSR:
    ./app/master/autorizacoes/nova/page.tsx [Client Component SSR]
    ./app/master/autorizacoes/nova/page.tsx [Server Component] @ http://localhost:3000/_next/static/chunks/node_modules_next_dist_115brz8._.js:3318
[  500853ms] [ERROR] ./app/master/autorizacoes/nova/page.tsx:13:1
Export calcularPercentualControlado doesn't exist in target module
  11 |   Tv2, Megaphone, Music2, Info
  12 | } from 'lucide-react'
> 13 | import { MOCK_OBRAS, calcularPercentualControlado, getLinksById } from '@/lib/mock-obras'
     | ^^^^^^^^^^^^^^^^^^^^^^^^^^^^^^^^^^^^^^^^^^^^^^^^^^^^^^^^^^^^^^^^^^^^^^^^^^^^^^^^^^^^^^^^^
  14 | import { MOCK_TITULARES } from '@/lib/mock-cadastros'
  15 | import {
  16 |   TIPO_AUTORIZACAO_LABELS, TIPO_AUTORIZACAO_DESCRICAO, TIPO_AUTORIZACAO_COLORS,

The export calcularPercentualControlado was not found in module [project]/lib/mock-obras.ts [app-ssr] (ecmascript).
Did you mean to import default?
All exports of the module are statically known (It doesn't have dynamic exports). So it's known statically that the requested export doesn't exist.

Import traces:
  Client Component Browser:
    ./app/master/autorizacoes/nova/page.tsx [Client Component Browser]
    ./app/master/autorizacoes/nova/page.tsx [Server Component]

  Client Component SSR:
    ./app/master/autorizacoes/nova/page.tsx [Client Component SSR]
    ./app/master/autorizacoes/nova/page.tsx [Server Component] @ http://localhost:3000/_next/static/chunks/node_modules_next_dist_115brz8._.js:3318
[  500853ms] [ERROR] ./app/master/autorizacoes/nova/page.tsx:13:1
Export getLinksById doesn't exist in target module
  11 |   Tv2, Megaphone, Music2, Info
  12 | } from 'lucide-react'
> 13 | import { MOCK_OBRAS, calcularPercentualControlado, getLinksById } from '@/lib/mock-obras'
     | ^^^^^^^^^^^^^^^^^^^^^^^^^^^^^^^^^^^^^^^^^^^^^^^^^^^^^^^^^^^^^^^^^^^^^^^^^^^^^^^^^^^^^^^^^
  14 | import { MOCK_TITULARES } from '@/lib/mock-cadastros'
  15 | import {
  16 |   TIPO_AUTORIZACAO_LABELS, TIPO_AUTORIZACAO_DESCRICAO, TIPO_AUTORIZACAO_COLORS,

The export getLinksById was not found in module [project]/lib/mock-obras.ts [app-client] (ecmascript).
Did you mean to import default?
All exports of the module are statically known (It doesn't have dynamic exports). So it's known statically that the requested export doesn't exist.

Import traces:
  Client Component Browser:
    ./app/master/autorizacoes/nova/page.tsx [Client Component Browser]
    ./app/master/autorizacoes/nova/page.tsx [Server Component]

  Client Component SSR:
    ./app/master/autorizacoes/nova/page.tsx [Client Component SSR]
    ./app/master/autorizacoes/nova/page.tsx [Server Component] @ http://localhost:3000/_next/static/chunks/node_modules_next_dist_115brz8._.js:3318
[  500853ms] [ERROR] ./app/master/autorizacoes/nova/page.tsx:13:1
Export getLinksById doesn't exist in target module
  11 |   Tv2, Megaphone, Music2, Info
  12 | } from 'lucide-react'
> 13 | import { MOCK_OBRAS, calcularPercentualControlado, getLinksById } from '@/lib/mock-obras'
     | ^^^^^^^^^^^^^^^^^^^^^^^^^^^^^^^^^^^^^^^^^^^^^^^^^^^^^^^^^^^^^^^^^^^^^^^^^^^^^^^^^^^^^^^^^
  14 | import { MOCK_TITULARES } from '@/lib/mock-cadastros'
  15 | import {
  16 |   TIPO_AUTORIZACAO_LABELS, TIPO_AUTORIZACAO_DESCRICAO, TIPO_AUTORIZACAO_COLORS,

The export getLinksById was not found in module [project]/lib/mock-obras.ts [app-ssr] (ecmascript).
Did you mean to import default?
All exports of the module are statically known (It doesn't have dynamic exports). So it's known statically that the requested export doesn't exist.

Import traces:
  Client Component Browser:
    ./app/master/autorizacoes/nova/page.tsx [Client Component Browser]
    ./app/master/autorizacoes/nova/page.tsx [Server Component]

  Client Component SSR:
    ./app/master/autorizacoes/nova/page.tsx [Client Component SSR]
    ./app/master/autorizacoes/nova/page.tsx [Server Component] @ http://localhost:3000/_next/static/chunks/node_modules_next_dist_115brz8._.js:3318
[  500957ms] [LOG] [Fast Refresh] rebuilding @ http://localhost:3000/_next/static/chunks/node_modules_next_dist_115brz8._.js:2477
[  501592ms] [ERROR] Failed to load resource: the server responded with a status of 500 (Internal Server Error) @ http://localhost:3000/master/backoffice/exportacoes/nova?_rsc=2BhGj_BdBE6kHH5Z:0
[  501638ms] [ERROR] ./app/master/autorizacoes/nova/page.tsx:13:1
Export calcularPercentualControlado doesn't exist in target module
  11 |   Tv2, Megaphone, Music2, Info
  12 | } from 'lucide-react'
> 13 | import { MOCK_OBRAS, calcularPercentualControlado, getLinksById } from '@/lib/mock-obras'
     | ^^^^^^^^^^^^^^^^^^^^^^^^^^^^^^^^^^^^^^^^^^^^^^^^^^^^^^^^^^^^^^^^^^^^^^^^^^^^^^^^^^^^^^^^^
  14 | import { MOCK_TITULARES } from '@/lib/mock-cadastros'
  15 | import {
  16 |   TIPO_AUTORIZACAO_LABELS, TIPO_AUTORIZACAO_DESCRICAO, TIPO_AUTORIZACAO_COLORS,

The export calcularPercentualControlado was not found in module [project]/lib/mock-obras.ts [app-client] (ecmascript).
Did you mean to import default?
All exports of the module are statically known (It doesn't have dynamic exports). So it's known statically that the requested export doesn't exist.

Import traces:
  Client Component Browser:
    ./app/master/autorizacoes/nova/page.tsx [Client Component Browser]
    ./app/master/autorizacoes/nova/page.tsx [Server Component]

  Client Component SSR:
    ./app/master/autorizacoes/nova/page.tsx [Client Component SSR]
    ./app/master/autorizacoes/nova/page.tsx [Server Component] @ http://localhost:3000/_next/static/chunks/node_modules_next_dist_115brz8._.js:3318
[  501638ms] [ERROR] ./app/master/autorizacoes/nova/page.tsx:13:1
Export calcularPercentualControlado doesn't exist in target module
  11 |   Tv2, Megaphone, Music2, Info
  12 | } from 'lucide-react'
> 13 | import { MOCK_OBRAS, calcularPercentualControlado, getLinksById } from '@/lib/mock-obras'
     | ^^^^^^^^^^^^^^^^^^^^^^^^^^^^^^^^^^^^^^^^^^^^^^^^^^^^^^^^^^^^^^^^^^^^^^^^^^^^^^^^^^^^^^^^^
  14 | import { MOCK_TITULARES } from '@/lib/mock-cadastros'
  15 | import {
  16 |   TIPO_AUTORIZACAO_LABELS, TIPO_AUTORIZACAO_DESCRICAO, TIPO_AUTORIZACAO_COLORS,

The export calcularPercentualControlado was not found in module [project]/lib/mock-obras.ts [app-ssr] (ecmascript).
Did you mean to import default?
All exports of the module are statically known (It doesn't have dynamic exports). So it's known statically that the requested export doesn't exist.

Import traces:
  Client Component Browser:
    ./app/master/autorizacoes/nova/page.tsx [Client Component Browser]
    ./app/master/autorizacoes/nova/page.tsx [Server Component]

  Client Component SSR:
    ./app/master/autorizacoes/nova/page.tsx [Client Component SSR]
    ./app/master/autorizacoes/nova/page.tsx [Server Component] @ http://localhost:3000/_next/static/chunks/node_modules_next_dist_115brz8._.js:3318
[  501638ms] [ERROR] ./app/master/autorizacoes/nova/page.tsx:13:1
Export getLinksById doesn't exist in target module
  11 |   Tv2, Megaphone, Music2, Info
  12 | } from 'lucide-react'
> 13 | import { MOCK_OBRAS, calcularPercentualControlado, getLinksById } from '@/lib/mock-obras'
     | ^^^^^^^^^^^^^^^^^^^^^^^^^^^^^^^^^^^^^^^^^^^^^^^^^^^^^^^^^^^^^^^^^^^^^^^^^^^^^^^^^^^^^^^^^
  14 | import { MOCK_TITULARES } from '@/lib/mock-cadastros'
  15 | import {
  16 |   TIPO_AUTORIZACAO_LABELS, TIPO_AUTORIZACAO_DESCRICAO, TIPO_AUTORIZACAO_COLORS,

The export getLinksById was not found in module [project]/lib/mock-obras.ts [app-client] (ecmascript).
Did you mean to import default?
All exports of the module are statically known (It doesn't have dynamic exports). So it's known statically that the requested export doesn't exist.

Import traces:
  Client Component Browser:
    ./app/master/autorizacoes/nova/page.tsx [Client Component Browser]
    ./app/master/autorizacoes/nova/page.tsx [Server Component]

  Client Component SSR:
    ./app/master/autorizacoes/nova/page.tsx [Client Component SSR]
    ./app/master/autorizacoes/nova/page.tsx [Server Component] @ http://localhost:3000/_next/static/chunks/node_modules_next_dist_115brz8._.js:3318
[  501639ms] [ERROR] ./app/master/autorizacoes/nova/page.tsx:13:1
Export getLinksById doesn't exist in target module
  11 |   Tv2, Megaphone, Music2, Info
  12 | } from 'lucide-react'
> 13 | import { MOCK_OBRAS, calcularPercentualControlado, getLinksById } from '@/lib/mock-obras'
     | ^^^^^^^^^^^^^^^^^^^^^^^^^^^^^^^^^^^^^^^^^^^^^^^^^^^^^^^^^^^^^^^^^^^^^^^^^^^^^^^^^^^^^^^^^
  14 | import { MOCK_TITULARES } from '@/lib/mock-cadastros'
  15 | import {
  16 |   TIPO_AUTORIZACAO_LABELS, TIPO_AUTORIZACAO_DESCRICAO, TIPO_AUTORIZACAO_COLORS,

The export getLinksById was not found in module [project]/lib/mock-obras.ts [app-ssr] (ecmascript).
Did you mean to import default?
All exports of the module are statically known (It doesn't have dynamic exports). So it's known statically that the requested export doesn't exist.

Import traces:
  Client Component Browser:
    ./app/master/autorizacoes/nova/page.tsx [Client Component Browser]
    ./app/master/autorizacoes/nova/page.tsx [Server Component]

  Client Component SSR:
    ./app/master/autorizacoes/nova/page.tsx [Client Component SSR]
    ./app/master/autorizacoes/nova/page.tsx [Server Component] @ http://localhost:3000/_next/static/chunks/node_modules_next_dist_115brz8._.js:3318
[  501748ms] [LOG] [Fast Refresh] rebuilding @ http://localhost:3000/_next/static/chunks/node_modules_next_dist_115brz8._.js:2477
[  501758ms] [ERROR] ./app/master/autorizacoes/nova/page.tsx:13:1
Export calcularPercentualControlado doesn't exist in target module
  11 |   Tv2, Megaphone, Music2, Info
  12 | } from 'lucide-react'
> 13 | import { MOCK_OBRAS, calcularPercentualControlado, getLinksById } from '@/lib/mock-obras'
     | ^^^^^^^^^^^^^^^^^^^^^^^^^^^^^^^^^^^^^^^^^^^^^^^^^^^^^^^^^^^^^^^^^^^^^^^^^^^^^^^^^^^^^^^^^
  14 | import { MOCK_TITULARES } from '@/lib/mock-cadastros'
  15 | import {
  16 |   TIPO_AUTORIZACAO_LABELS, TIPO_AUTORIZACAO_DESCRICAO, TIPO_AUTORIZACAO_COLORS,

The export calcularPercentualControlado was not found in module [project]/lib/mock-obras.ts [app-client] (ecmascript).
Did you mean to import default?
All exports of the module are statically known (It doesn't have dynamic exports). So it's known statically that the requested export doesn't exist.

Import traces:
  Client Component Browser:
    ./app/master/autorizacoes/nova/page.tsx [Client Component Browser]
    ./app/master/autorizacoes/nova/page.tsx [Server Component]

  Client Component SSR:
    ./app/master/autorizacoes/nova/page.tsx [Client Component SSR]
    ./app/master/autorizacoes/nova/page.tsx [Server Component] @ http://localhost:3000/_next/static/chunks/node_modules_next_dist_115brz8._.js:3318
[  501759ms] [ERROR] ./app/master/autorizacoes/nova/page.tsx:13:1
Export calcularPercentualControlado doesn't exist in target module
  11 |   Tv2, Megaphone, Music2, Info
  12 | } from 'lucide-react'
> 13 | import { MOCK_OBRAS, calcularPercentualControlado, getLinksById } from '@/lib/mock-obras'
     | ^^^^^^^^^^^^^^^^^^^^^^^^^^^^^^^^^^^^^^^^^^^^^^^^^^^^^^^^^^^^^^^^^^^^^^^^^^^^^^^^^^^^^^^^^
  14 | import { MOCK_TITULARES } from '@/lib/mock-cadastros'
  15 | import {
  16 |   TIPO_AUTORIZACAO_LABELS, TIPO_AUTORIZACAO_DESCRICAO, TIPO_AUTORIZACAO_COLORS,

The export calcularPercentualControlado was not found in module [project]/lib/mock-obras.ts [app-ssr] (ecmascript).
Did you mean to import default?
All exports of the module are statically known (It doesn't have dynamic exports). So it's known statically that the requested export doesn't exist.

Import traces:
  Client Component Browser:
    ./app/master/autorizacoes/nova/page.tsx [Client Component Browser]
    ./app/master/autorizacoes/nova/page.tsx [Server Component]

  Client Component SSR:
    ./app/master/autorizacoes/nova/page.tsx [Client Component SSR]
    ./app/master/autorizacoes/nova/page.tsx [Server Component] @ http://localhost:3000/_next/static/chunks/node_modules_next_dist_115brz8._.js:3318
[  501759ms] [ERROR] ./app/master/autorizacoes/nova/page.tsx:13:1
Export getLinksById doesn't exist in target module
  11 |   Tv2, Megaphone, Music2, Info
  12 | } from 'lucide-react'
> 13 | import { MOCK_OBRAS, calcularPercentualControlado, getLinksById } from '@/lib/mock-obras'
     | ^^^^^^^^^^^^^^^^^^^^^^^^^^^^^^^^^^^^^^^^^^^^^^^^^^^^^^^^^^^^^^^^^^^^^^^^^^^^^^^^^^^^^^^^^
  14 | import { MOCK_TITULARES } from '@/lib/mock-cadastros'
  15 | import {
  16 |   TIPO_AUTORIZACAO_LABELS, TIPO_AUTORIZACAO_DESCRICAO, TIPO_AUTORIZACAO_COLORS,

The export getLinksById was not found in module [project]/lib/mock-obras.ts [app-client] (ecmascript).
Did you mean to import default?
All exports of the module are statically known (It doesn't have dynamic exports). So it's known statically that the requested export doesn't exist.

Import traces:
  Client Component Browser:
    ./app/master/autorizacoes/nova/page.tsx [Client Component Browser]
    ./app/master/autorizacoes/nova/page.tsx [Server Component]

  Client Component SSR:
    ./app/master/autorizacoes/nova/page.tsx [Client Component SSR]
    ./app/master/autorizacoes/nova/page.tsx [Server Component] @ http://localhost:3000/_next/static/chunks/node_modules_next_dist_115brz8._.js:3318
[  501759ms] [ERROR] ./app/master/autorizacoes/nova/page.tsx:13:1
Export getLinksById doesn't exist in target module
  11 |   Tv2, Megaphone, Music2, Info
  12 | } from 'lucide-react'
> 13 | import { MOCK_OBRAS, calcularPercentualControlado, getLinksById } from '@/lib/mock-obras'
     | ^^^^^^^^^^^^^^^^^^^^^^^^^^^^^^^^^^^^^^^^^^^^^^^^^^^^^^^^^^^^^^^^^^^^^^^^^^^^^^^^^^^^^^^^^
  14 | import { MOCK_TITULARES } from '@/lib/mock-cadastros'
  15 | import {
  16 |   TIPO_AUTORIZACAO_LABELS, TIPO_AUTORIZACAO_DESCRICAO, TIPO_AUTORIZACAO_COLORS,

The export getLinksById was not found in module [project]/lib/mock-obras.ts [app-ssr] (ecmascript).
Did you mean to import default?
All exports of the module are statically known (It doesn't have dynamic exports). So it's known statically that the requested export doesn't exist.

Import traces:
  Client Component Browser:
    ./app/master/autorizacoes/nova/page.tsx [Client Component Browser]
    ./app/master/autorizacoes/nova/page.tsx [Server Component]

  Client Component SSR:
    ./app/master/autorizacoes/nova/page.tsx [Client Component SSR]
    ./app/master/autorizacoes/nova/page.tsx [Server Component] @ http://localhost:3000/_next/static/chunks/node_modules_next_dist_115brz8._.js:3318
[  502073ms] [LOG] [Fast Refresh] rebuilding @ http://localhost:3000/_next/static/chunks/node_modules_next_dist_115brz8._.js:2477
[  502348ms] [ERROR] Failed to load resource: the server responded with a status of 500 (Internal Server Error) @ http://localhost:3000/master/backoffice/exportacoes/nova?_rsc=2BhGj_BdBE6kHH5Z:0
[  502358ms] [ERROR] ./app/master/autorizacoes/nova/page.tsx:13:1
Export calcularPercentualControlado doesn't exist in target module
  11 |   Tv2, Megaphone, Music2, Info
  12 | } from 'lucide-react'
> 13 | import { MOCK_OBRAS, calcularPercentualControlado, getLinksById } from '@/lib/mock-obras'
     | ^^^^^^^^^^^^^^^^^^^^^^^^^^^^^^^^^^^^^^^^^^^^^^^^^^^^^^^^^^^^^^^^^^^^^^^^^^^^^^^^^^^^^^^^^
  14 | import { MOCK_TITULARES } from '@/lib/mock-cadastros'
  15 | import {
  16 |   TIPO_AUTORIZACAO_LABELS, TIPO_AUTORIZACAO_DESCRICAO, TIPO_AUTORIZACAO_COLORS,

The export calcularPercentualControlado was not found in module [project]/lib/mock-obras.ts [app-client] (ecmascript).
Did you mean to import default?
All exports of the module are statically known (It doesn't have dynamic exports). So it's known statically that the requested export doesn't exist.

Import traces:
  Client Component Browser:
    ./app/master/autorizacoes/nova/page.tsx [Client Component Browser]
    ./app/master/autorizacoes/nova/page.tsx [Server Component]

  Client Component SSR:
    ./app/master/autorizacoes/nova/page.tsx [Client Component SSR]
    ./app/master/autorizacoes/nova/page.tsx [Server Component] @ http://localhost:3000/_next/static/chunks/node_modules_next_dist_115brz8._.js:3318
[  502359ms] [ERROR] ./app/master/autorizacoes/nova/page.tsx:13:1
Export calcularPercentualControlado doesn't exist in target module
  11 |   Tv2, Megaphone, Music2, Info
  12 | } from 'lucide-react'
> 13 | import { MOCK_OBRAS, calcularPercentualControlado, getLinksById } from '@/lib/mock-obras'
     | ^^^^^^^^^^^^^^^^^^^^^^^^^^^^^^^^^^^^^^^^^^^^^^^^^^^^^^^^^^^^^^^^^^^^^^^^^^^^^^^^^^^^^^^^^
  14 | import { MOCK_TITULARES } from '@/lib/mock-cadastros'
  15 | import {
  16 |   TIPO_AUTORIZACAO_LABELS, TIPO_AUTORIZACAO_DESCRICAO, TIPO_AUTORIZACAO_COLORS,

The export calcularPercentualControlado was not found in module [project]/lib/mock-obras.ts [app-ssr] (ecmascript).
Did you mean to import default?
All exports of the module are statically known (It doesn't have dynamic exports). So it's known statically that the requested export doesn't exist.

Import traces:
  Client Component Browser:
    ./app/master/autorizacoes/nova/page.tsx [Client Component Browser]
    ./app/master/autorizacoes/nova/page.tsx [Server Component]

  Client Component SSR:
    ./app/master/autorizacoes/nova/page.tsx [Client Component SSR]
    ./app/master/autorizacoes/nova/page.tsx [Server Component] @ http://localhost:3000/_next/static/chunks/node_modules_next_dist_115brz8._.js:3318
[  502359ms] [ERROR] ./app/master/autorizacoes/nova/page.tsx:13:1
Export getLinksById doesn't exist in target module
  11 |   Tv2, Megaphone, Music2, Info
  12 | } from 'lucide-react'
> 13 | import { MOCK_OBRAS, calcularPercentualControlado, getLinksById } from '@/lib/mock-obras'
     | ^^^^^^^^^^^^^^^^^^^^^^^^^^^^^^^^^^^^^^^^^^^^^^^^^^^^^^^^^^^^^^^^^^^^^^^^^^^^^^^^^^^^^^^^^
  14 | import { MOCK_TITULARES } from '@/lib/mock-cadastros'
  15 | import {
  16 |   TIPO_AUTORIZACAO_LABELS, TIPO_AUTORIZACAO_DESCRICAO, TIPO_AUTORIZACAO_COLORS,

The export getLinksById was not found in module [project]/lib/mock-obras.ts [app-client] (ecmascript).
Did you mean to import default?
All exports of the module are statically known (It doesn't have dynamic exports). So it's known statically that the requested export doesn't exist.

Import traces:
  Client Component Browser:
    ./app/master/autorizacoes/nova/page.tsx [Client Component Browser]
    ./app/master/autorizacoes/nova/page.tsx [Server Component]

  Client Component SSR:
    ./app/master/autorizacoes/nova/page.tsx [Client Component SSR]
    ./app/master/autorizacoes/nova/page.tsx [Server Component] @ http://localhost:3000/_next/static/chunks/node_modules_next_dist_115brz8._.js:3318
[  502359ms] [ERROR] ./app/master/autorizacoes/nova/page.tsx:13:1
Export getLinksById doesn't exist in target module
  11 |   Tv2, Megaphone, Music2, Info
  12 | } from 'lucide-react'
> 13 | import { MOCK_OBRAS, calcularPercentualControlado, getLinksById } from '@/lib/mock-obras'
     | ^^^^^^^^^^^^^^^^^^^^^^^^^^^^^^^^^^^^^^^^^^^^^^^^^^^^^^^^^^^^^^^^^^^^^^^^^^^^^^^^^^^^^^^^^
  14 | import { MOCK_TITULARES } from '@/lib/mock-cadastros'
  15 | import {
  16 |   TIPO_AUTORIZACAO_LABELS, TIPO_AUTORIZACAO_DESCRICAO, TIPO_AUTORIZACAO_COLORS,

The export getLinksById was not found in module [project]/lib/mock-obras.ts [app-ssr] (ecmascript).
Did you mean to import default?
All exports of the module are statically known (It doesn't have dynamic exports). So it's known statically that the requested export doesn't exist.

Import traces:
  Client Component Browser:
    ./app/master/autorizacoes/nova/page.tsx [Client Component Browser]
    ./app/master/autorizacoes/nova/page.tsx [Server Component]

  Client Component SSR:
    ./app/master/autorizacoes/nova/page.tsx [Client Component SSR]
    ./app/master/autorizacoes/nova/page.tsx [Server Component] @ http://localhost:3000/_next/static/chunks/node_modules_next_dist_115brz8._.js:3318
[  502449ms] [ERROR] Failed to load resource: the server responded with a status of 500 (Internal Server Error) @ http://localhost:3000/master/backoffice/exportacoes/nova:0
[  503822ms] [INFO] %cDownload the React DevTools for a better development experience: https://react.dev/link/react-devtools font-weight:bold @ http://localhost:3000/_next/static/chunks/node_modules_react-dom_0bruynb._.js:15305
[  503977ms] Error: ./app/master/autorizacoes/nova/page.tsx:13:1
Export calcularPercentualControlado doesn't exist in target module
  11 |   Tv2, Megaphone, Music2, Info
  12 | } from 'lucide-react'
> 13 | import { MOCK_OBRAS, calcularPercentualControlado, getLinksById } from '@/lib/mock-obras'
     | ^^^^^^^^^^^^^^^^^^^^^^^^^^^^^^^^^^^^^^^^^^^^^^^^^^^^^^^^^^^^^^^^^^^^^^^^^^^^^^^^^^^^^^^^^
  14 | import { MOCK_TITULARES } from '@/lib/mock-cadastros'
  15 | import {
  16 |   TIPO_AUTORIZACAO_LABELS, TIPO_AUTORIZACAO_DESCRICAO, TIPO_AUTORIZACAO_COLORS,

The export calcularPercentualControlado was not found in module [project]/lib/mock-obras.ts [app-client] (ecmascript).
Did you mean to import default?
All exports of the module are statically known (It doesn't have dynamic exports). So it's known statically that the requested export doesn't exist.

Import traces:
  Client Component Browser:
    ./app/master/autorizacoes/nova/page.tsx [Client Component Browser]
    ./app/master/autorizacoes/nova/page.tsx [Server Component]

  Client Component SSR:
    ./app/master/autorizacoes/nova/page.tsx [Client Component SSR]
    ./app/master/autorizacoes/nova/page.tsx [Server Component]


    at <unknown> (Error: ./app/master/autorizacoes/nova/page.tsx:13:1)
    at Object.getCompilationErrors (file://C:\Users\Usuário\Desktop\sync-mood-saas\apps\web\node_modules\next\dist\server\dev\hot-reloader-turbopack.js:1186:59)
    at DevBundlerService.getCompilationError (file://C:\Users\Usuário\Desktop\sync-mood-saas\apps\web\node_modules\next\dist\server\lib\dev-bundler-service.js:44:55)
    at DevServer.getCompilationError (file://C:\Users\Usuário\Desktop\sync-mood-saas\apps\web\node_modules\next\dist\server\dev\next-dev-server.js:720:42)
    at DevServer.findPageComponents (file://C:\Users\Usuário\Desktop\sync-mood-saas\apps\web\node_modules\next\dist\server\dev\next-dev-server.js:690:43)
    at async DevServer.renderErrorToResponseImpl (file://C:\Users\Usuário\Desktop\sync-mood-saas\apps\web\node_modules\next\dist\server\base-server.js:1753:26)
[  503996ms] [LOG] [HMR] connected @ http://localhost:3000/_next/static/chunks/node_modules_next_dist_0u_w_5s._.js:1226
[  504015ms] [ERROR] ./app/master/autorizacoes/nova/page.tsx:13:1
Export calcularPercentualControlado doesn't exist in target module
  11 |   Tv2, Megaphone, Music2, Info
  12 | } from 'lucide-react'
> 13 | import { MOCK_OBRAS, calcularPercentualControlado, getLinksById } from '@/lib/mock-obras'
     | ^^^^^^^^^^^^^^^^^^^^^^^^^^^^^^^^^^^^^^^^^^^^^^^^^^^^^^^^^^^^^^^^^^^^^^^^^^^^^^^^^^^^^^^^^
  14 | import { MOCK_TITULARES } from '@/lib/mock-cadastros'
  15 | import {
  16 |   TIPO_AUTORIZACAO_LABELS, TIPO_AUTORIZACAO_DESCRICAO, TIPO_AUTORIZACAO_COLORS,

The export calcularPercentualControlado was not found in module [project]/lib/mock-obras.ts [app-client] (ecmascript).
Did you mean to import default?
All exports of the module are statically known (It doesn't have dynamic exports). So it's known statically that the requested export doesn't exist.

Import traces:
  Client Component Browser:
    ./app/master/autorizacoes/nova/page.tsx [Client Component Browser]
    ./app/master/autorizacoes/nova/page.tsx [Server Component]

  Client Component SSR:
    ./app/master/autorizacoes/nova/page.tsx [Client Component SSR]
    ./app/master/autorizacoes/nova/page.tsx [Server Component] @ http://localhost:3000/_next/static/chunks/node_modules_next_dist_0u_w_5s._.js:1945
[  504016ms] [ERROR] ./app/master/autorizacoes/nova/page.tsx:13:1
Export calcularPercentualControlado doesn't exist in target module
  11 |   Tv2, Megaphone, Music2, Info
  12 | } from 'lucide-react'
> 13 | import { MOCK_OBRAS, calcularPercentualControlado, getLinksById } from '@/lib/mock-obras'
     | ^^^^^^^^^^^^^^^^^^^^^^^^^^^^^^^^^^^^^^^^^^^^^^^^^^^^^^^^^^^^^^^^^^^^^^^^^^^^^^^^^^^^^^^^^
  14 | import { MOCK_TITULARES } from '@/lib/mock-cadastros'
  15 | import {
  16 |   TIPO_AUTORIZACAO_LABELS, TIPO_AUTORIZACAO_DESCRICAO, TIPO_AUTORIZACAO_COLORS,

The export calcularPercentualControlado was not found in module [project]/lib/mock-obras.ts [app-ssr] (ecmascript).
Did you mean to import default?
All exports of the module are statically known (It doesn't have dynamic exports). So it's known statically that the requested export doesn't exist.

Import traces:
  Client Component Browser:
    ./app/master/autorizacoes/nova/page.tsx [Client Component Browser]
    ./app/master/autorizacoes/nova/page.tsx [Server Component]

  Client Component SSR:
    ./app/master/autorizacoes/nova/page.tsx [Client Component SSR]
    ./app/master/autorizacoes/nova/page.tsx [Server Component] @ http://localhost:3000/_next/static/chunks/node_modules_next_dist_0u_w_5s._.js:1945
[  504016ms] [ERROR] ./app/master/autorizacoes/nova/page.tsx:13:1
Export getLinksById doesn't exist in target module
  11 |   Tv2, Megaphone, Music2, Info
  12 | } from 'lucide-react'
> 13 | import { MOCK_OBRAS, calcularPercentualControlado, getLinksById } from '@/lib/mock-obras'
     | ^^^^^^^^^^^^^^^^^^^^^^^^^^^^^^^^^^^^^^^^^^^^^^^^^^^^^^^^^^^^^^^^^^^^^^^^^^^^^^^^^^^^^^^^^
  14 | import { MOCK_TITULARES } from '@/lib/mock-cadastros'
  15 | import {
  16 |   TIPO_AUTORIZACAO_LABELS, TIPO_AUTORIZACAO_DESCRICAO, TIPO_AUTORIZACAO_COLORS,

The export getLinksById was not found in module [project]/lib/mock-obras.ts [app-client] (ecmascript).
Did you mean to import default?
All exports of the module are statically known (It doesn't have dynamic exports). So it's known statically that the requested export doesn't exist.

Import traces:
  Client Component Browser:
    ./app/master/autorizacoes/nova/page.tsx [Client Component Browser]
    ./app/master/autorizacoes/nova/page.tsx [Server Component]

  Client Component SSR:
    ./app/master/autorizacoes/nova/page.tsx [Client Component SSR]
    ./app/master/autorizacoes/nova/page.tsx [Server Component] @ http://localhost:3000/_next/static/chunks/node_modules_next_dist_0u_w_5s._.js:1945
[  504017ms] [ERROR] ./app/master/autorizacoes/nova/page.tsx:13:1
Export getLinksById doesn't exist in target module
  11 |   Tv2, Megaphone, Music2, Info
  12 | } from 'lucide-react'
> 13 | import { MOCK_OBRAS, calcularPercentualControlado, getLinksById } from '@/lib/mock-obras'
     | ^^^^^^^^^^^^^^^^^^^^^^^^^^^^^^^^^^^^^^^^^^^^^^^^^^^^^^^^^^^^^^^^^^^^^^^^^^^^^^^^^^^^^^^^^
  14 | import { MOCK_TITULARES } from '@/lib/mock-cadastros'
  15 | import {
  16 |   TIPO_AUTORIZACAO_LABELS, TIPO_AUTORIZACAO_DESCRICAO, TIPO_AUTORIZACAO_COLORS,

The export getLinksById was not found in module [project]/lib/mock-obras.ts [app-ssr] (ecmascript).
Did you mean to import default?
All exports of the module are statically known (It doesn't have dynamic exports). So it's known statically that the requested export doesn't exist.

Import traces:
  Client Component Browser:
    ./app/master/autorizacoes/nova/page.tsx [Client Component Browser]
    ./app/master/autorizacoes/nova/page.tsx [Server Component]

  Client Component SSR:
    ./app/master/autorizacoes/nova/page.tsx [Client Component SSR]
    ./app/master/autorizacoes/nova/page.tsx [Server Component] @ http://localhost:3000/_next/static/chunks/node_modules_next_dist_0u_w_5s._.js:1945
[  504084ms] [ERROR] ./app/master/autorizacoes/nova/page.tsx:13:1
Export calcularPercentualControlado doesn't exist in target module
  11 |   Tv2, Megaphone, Music2, Info
  12 | } from 'lucide-react'
> 13 | import { MOCK_OBRAS, calcularPercentualControlado, getLinksById } from '@/lib/mock-obras'
     | ^^^^^^^^^^^^^^^^^^^^^^^^^^^^^^^^^^^^^^^^^^^^^^^^^^^^^^^^^^^^^^^^^^^^^^^^^^^^^^^^^^^^^^^^^
  14 | import { MOCK_TITULARES } from '@/lib/mock-cadastros'
  15 | import {
  16 |   TIPO_AUTORIZACAO_LABELS, TIPO_AUTORIZACAO_DESCRICAO, TIPO_AUTORIZACAO_COLORS,

The export calcularPercentualControlado was not found in module [project]/lib/mock-obras.ts [app-client] (ecmascript).
Did you mean to import default?
All exports of the module are statically known (It doesn't have dynamic exports). So it's known statically that the requested export doesn't exist.

Import traces:
  Client Component Browser:
    ./app/master/autorizacoes/nova/page.tsx [Client Component Browser]
    ./app/master/autorizacoes/nova/page.tsx [Server Component]

  Client Component SSR:
    ./app/master/autorizacoes/nova/page.tsx [Client Component SSR]
    ./app/master/autorizacoes/nova/page.tsx [Server Component] @ http://localhost:3000/_next/static/chunks/node_modules_next_dist_0u_w_5s._.js:1945
[  504084ms] [ERROR] ./app/master/autorizacoes/nova/page.tsx:13:1
Export calcularPercentualControlado doesn't exist in target module
  11 |   Tv2, Megaphone, Music2, Info
  12 | } from 'lucide-react'
> 13 | import { MOCK_OBRAS, calcularPercentualControlado, getLinksById } from '@/lib/mock-obras'
     | ^^^^^^^^^^^^^^^^^^^^^^^^^^^^^^^^^^^^^^^^^^^^^^^^^^^^^^^^^^^^^^^^^^^^^^^^^^^^^^^^^^^^^^^^^
  14 | import { MOCK_TITULARES } from '@/lib/mock-cadastros'
  15 | import {
  16 |   TIPO_AUTORIZACAO_LABELS, TIPO_AUTORIZACAO_DESCRICAO, TIPO_AUTORIZACAO_COLORS,

The export calcularPercentualControlado was not found in module [project]/lib/mock-obras.ts [app-ssr] (ecmascript).
Did you mean to import default?
All exports of the module are statically known (It doesn't have dynamic exports). So it's known statically that the requested export doesn't exist.

Import traces:
  Client Component Browser:
    ./app/master/autorizacoes/nova/page.tsx [Client Component Browser]
    ./app/master/autorizacoes/nova/page.tsx [Server Component]

  Client Component SSR:
    ./app/master/autorizacoes/nova/page.tsx [Client Component SSR]
    ./app/master/autorizacoes/nova/page.tsx [Server Component] @ http://localhost:3000/_next/static/chunks/node_modules_next_dist_0u_w_5s._.js:1945
[  504084ms] [ERROR] ./app/master/autorizacoes/nova/page.tsx:13:1
Export getLinksById doesn't exist in target module
  11 |   Tv2, Megaphone, Music2, Info
  12 | } from 'lucide-react'
> 13 | import { MOCK_OBRAS, calcularPercentualControlado, getLinksById } from '@/lib/mock-obras'
     | ^^^^^^^^^^^^^^^^^^^^^^^^^^^^^^^^^^^^^^^^^^^^^^^^^^^^^^^^^^^^^^^^^^^^^^^^^^^^^^^^^^^^^^^^^
  14 | import { MOCK_TITULARES } from '@/lib/mock-cadastros'
  15 | import {
  16 |   TIPO_AUTORIZACAO_LABELS, TIPO_AUTORIZACAO_DESCRICAO, TIPO_AUTORIZACAO_COLORS,

The export getLinksById was not found in module [project]/lib/mock-obras.ts [app-client] (ecmascript).
Did you mean to import default?
All exports of the module are statically known (It doesn't have dynamic exports). So it's known statically that the requested export doesn't exist.

Import traces:
  Client Component Browser:
    ./app/master/autorizacoes/nova/page.tsx [Client Component Browser]
    ./app/master/autorizacoes/nova/page.tsx [Server Component]

  Client Component SSR:
    ./app/master/autorizacoes/nova/page.tsx [Client Component SSR]
    ./app/master/autorizacoes/nova/page.tsx [Server Component] @ http://localhost:3000/_next/static/chunks/node_modules_next_dist_0u_w_5s._.js:1945
[  504084ms] [ERROR] ./app/master/autorizacoes/nova/page.tsx:13:1
Export getLinksById doesn't exist in target module
  11 |   Tv2, Megaphone, Music2, Info
  12 | } from 'lucide-react'
> 13 | import { MOCK_OBRAS, calcularPercentualControlado, getLinksById } from '@/lib/mock-obras'
     | ^^^^^^^^^^^^^^^^^^^^^^^^^^^^^^^^^^^^^^^^^^^^^^^^^^^^^^^^^^^^^^^^^^^^^^^^^^^^^^^^^^^^^^^^^
  14 | import { MOCK_TITULARES } from '@/lib/mock-cadastros'
  15 | import {
  16 |   TIPO_AUTORIZACAO_LABELS, TIPO_AUTORIZACAO_DESCRICAO, TIPO_AUTORIZACAO_COLORS,

The export getLinksById was not found in module [project]/lib/mock-obras.ts [app-ssr] (ecmascript).
Did you mean to import default?
All exports of the module are statically known (It doesn't have dynamic exports). So it's known statically that the requested export doesn't exist.

Import traces:
  Client Component Browser:
    ./app/master/autorizacoes/nova/page.tsx [Client Component Browser]
    ./app/master/autorizacoes/nova/page.tsx [Server Component]

  Client Component SSR:
    ./app/master/autorizacoes/nova/page.tsx [Client Component SSR]
    ./app/master/autorizacoes/nova/page.tsx [Server Component] @ http://localhost:3000/_next/static/chunks/node_modules_next_dist_0u_w_5s._.js:1945
[  504086ms] [ERROR] ./app/master/autorizacoes/nova/page.tsx:13:1
Export calcularPercentualControlado doesn't exist in target module
  11 |   Tv2, Megaphone, Music2, Info
  12 | } from 'lucide-react'
> 13 | import { MOCK_OBRAS, calcularPercentualControlado, getLinksById } from '@/lib/mock-obras'
     | ^^^^^^^^^^^^^^^^^^^^^^^^^^^^^^^^^^^^^^^^^^^^^^^^^^^^^^^^^^^^^^^^^^^^^^^^^^^^^^^^^^^^^^^^^
  14 | import { MOCK_TITULARES } from '@/lib/mock-cadastros'
  15 | import {
  16 |   TIPO_AUTORIZACAO_LABELS, TIPO_AUTORIZACAO_DESCRICAO, TIPO_AUTORIZACAO_COLORS,

The export calcularPercentualControlado was not found in module [project]/lib/mock-obras.ts [app-client] (ecmascript).
Did you mean to import default?
All exports of the module are statically known (It doesn't have dynamic exports). So it's known statically that the requested export doesn't exist.

Import traces:
  Client Component Browser:
    ./app/master/autorizacoes/nova/page.tsx [Client Component Browser]
    ./app/master/autorizacoes/nova/page.tsx [Server Component]

  Client Component SSR:
    ./app/master/autorizacoes/nova/page.tsx [Client Component SSR]
    ./app/master/autorizacoes/nova/page.tsx [Server Component] @ http://localhost:3000/_next/static/chunks/node_modules_next_dist_0u_w_5s._.js:1945
[  504086ms] [ERROR] ./app/master/autorizacoes/nova/page.tsx:13:1
Export calcularPercentualControlado doesn't exist in target module
  11 |   Tv2, Megaphone, Music2, Info
  12 | } from 'lucide-react'
> 13 | import { MOCK_OBRAS, calcularPercentualControlado, getLinksById } from '@/lib/mock-obras'
     | ^^^^^^^^^^^^^^^^^^^^^^^^^^^^^^^^^^^^^^^^^^^^^^^^^^^^^^^^^^^^^^^^^^^^^^^^^^^^^^^^^^^^^^^^^
  14 | import { MOCK_TITULARES } from '@/lib/mock-cadastros'
  15 | import {
  16 |   TIPO_AUTORIZACAO_LABELS, TIPO_AUTORIZACAO_DESCRICAO, TIPO_AUTORIZACAO_COLORS,

The export calcularPercentualControlado was not found in module [project]/lib/mock-obras.ts [app-ssr] (ecmascript).
Did you mean to import default?
All exports of the module are statically known (It doesn't have dynamic exports). So it's known statically that the requested export doesn't exist.

Import traces:
  Client Component Browser:
    ./app/master/autorizacoes/nova/page.tsx [Client Component Browser]
    ./app/master/autorizacoes/nova/page.tsx [Server Component]

  Client Component SSR:
    ./app/master/autorizacoes/nova/page.tsx [Client Component SSR]
    ./app/master/autorizacoes/nova/page.tsx [Server Component] @ http://localhost:3000/_next/static/chunks/node_modules_next_dist_0u_w_5s._.js:1945
[  504087ms] [ERROR] ./app/master/autorizacoes/nova/page.tsx:13:1
Export getLinksById doesn't exist in target module
  11 |   Tv2, Megaphone, Music2, Info
  12 | } from 'lucide-react'
> 13 | import { MOCK_OBRAS, calcularPercentualControlado, getLinksById } from '@/lib/mock-obras'
     | ^^^^^^^^^^^^^^^^^^^^^^^^^^^^^^^^^^^^^^^^^^^^^^^^^^^^^^^^^^^^^^^^^^^^^^^^^^^^^^^^^^^^^^^^^
  14 | import { MOCK_TITULARES } from '@/lib/mock-cadastros'
  15 | import {
  16 |   TIPO_AUTORIZACAO_LABELS, TIPO_AUTORIZACAO_DESCRICAO, TIPO_AUTORIZACAO_COLORS,

The export getLinksById was not found in module [project]/lib/mock-obras.ts [app-client] (ecmascript).
Did you mean to import default?
All exports of the module are statically known (It doesn't have dynamic exports). So it's known statically that the requested export doesn't exist.

Import traces:
  Client Component Browser:
    ./app/master/autorizacoes/nova/page.tsx [Client Component Browser]
    ./app/master/autorizacoes/nova/page.tsx [Server Component]

  Client Component SSR:
    ./app/master/autorizacoes/nova/page.tsx [Client Component SSR]
    ./app/master/autorizacoes/nova/page.tsx [Server Component] @ http://localhost:3000/_next/static/chunks/node_modules_next_dist_0u_w_5s._.js:1945
[  504087ms] [ERROR] ./app/master/autorizacoes/nova/page.tsx:13:1
Export getLinksById doesn't exist in target module
  11 |   Tv2, Megaphone, Music2, Info
  12 | } from 'lucide-react'
> 13 | import { MOCK_OBRAS, calcularPercentualControlado, getLinksById } from '@/lib/mock-obras'
     | ^^^^^^^^^^^^^^^^^^^^^^^^^^^^^^^^^^^^^^^^^^^^^^^^^^^^^^^^^^^^^^^^^^^^^^^^^^^^^^^^^^^^^^^^^
  14 | import { MOCK_TITULARES } from '@/lib/mock-cadastros'
  15 | import {
  16 |   TIPO_AUTORIZACAO_LABELS, TIPO_AUTORIZACAO_DESCRICAO, TIPO_AUTORIZACAO_COLORS,

The export getLinksById was not found in module [project]/lib/mock-obras.ts [app-ssr] (ecmascript).
Did you mean to import default?
All exports of the module are statically known (It doesn't have dynamic exports). So it's known statically that the requested export doesn't exist.

Import traces:
  Client Component Browser:
    ./app/master/autorizacoes/nova/page.tsx [Client Component Browser]
    ./app/master/autorizacoes/nova/page.tsx [Server Component]

  Client Component SSR:
    ./app/master/autorizacoes/nova/page.tsx [Client Component SSR]
    ./app/master/autorizacoes/nova/page.tsx [Server Component] @ http://localhost:3000/_next/static/chunks/node_modules_next_dist_0u_w_5s._.js:1945
[  504222ms] [ERROR] ./app/master/autorizacoes/nova/page.tsx:13:1
Export calcularPercentualControlado doesn't exist in target module
  11 |   Tv2, Megaphone, Music2, Info
  12 | } from 'lucide-react'
> 13 | import { MOCK_OBRAS, calcularPercentualControlado, getLinksById } from '@/lib/mock-obras'
     | ^^^^^^^^^^^^^^^^^^^^^^^^^^^^^^^^^^^^^^^^^^^^^^^^^^^^^^^^^^^^^^^^^^^^^^^^^^^^^^^^^^^^^^^^^
  14 | import { MOCK_TITULARES } from '@/lib/mock-cadastros'
  15 | import {
  16 |   TIPO_AUTORIZACAO_LABELS, TIPO_AUTORIZACAO_DESCRICAO, TIPO_AUTORIZACAO_COLORS,

The export calcularPercentualControlado was not found in module [project]/lib/mock-obras.ts [app-client] (ecmascript).
Did you mean to import default?
All exports of the module are statically known (It doesn't have dynamic exports). So it's known statically that the requested export doesn't exist.

Import traces:
  Client Component Browser:
    ./app/master/autorizacoes/nova/page.tsx [Client Component Browser]
    ./app/master/autorizacoes/nova/page.tsx [Server Component]

  Client Component SSR:
    ./app/master/autorizacoes/nova/page.tsx [Client Component SSR]
    ./app/master/autorizacoes/nova/page.tsx [Server Component] @ http://localhost:3000/_next/static/chunks/node_modules_next_dist_0u_w_5s._.js:1945
[  504222ms] [ERROR] ./app/master/autorizacoes/nova/page.tsx:13:1
Export calcularPercentualControlado doesn't exist in target module
  11 |   Tv2, Megaphone, Music2, Info
  12 | } from 'lucide-react'
> 13 | import { MOCK_OBRAS, calcularPercentualControlado, getLinksById } from '@/lib/mock-obras'
     | ^^^^^^^^^^^^^^^^^^^^^^^^^^^^^^^^^^^^^^^^^^^^^^^^^^^^^^^^^^^^^^^^^^^^^^^^^^^^^^^^^^^^^^^^^
  14 | import { MOCK_TITULARES } from '@/lib/mock-cadastros'
  15 | import {
  16 |   TIPO_AUTORIZACAO_LABELS, TIPO_AUTORIZACAO_DESCRICAO, TIPO_AUTORIZACAO_COLORS,

The export calcularPercentualControlado was not found in module [project]/lib/mock-obras.ts [app-ssr] (ecmascript).
Did you mean to import default?
All exports of the module are statically known (It doesn't have dynamic exports). So it's known statically that the requested export doesn't exist.

Import traces:
  Client Component Browser:
    ./app/master/autorizacoes/nova/page.tsx [Client Component Browser]
    ./app/master/autorizacoes/nova/page.tsx [Server Component]

  Client Component SSR:
    ./app/master/autorizacoes/nova/page.tsx [Client Component SSR]
    ./app/master/autorizacoes/nova/page.tsx [Server Component] @ http://localhost:3000/_next/static/chunks/node_modules_next_dist_0u_w_5s._.js:1945
[  504223ms] [ERROR] ./app/master/autorizacoes/nova/page.tsx:13:1
Export getLinksById doesn't exist in target module
  11 |   Tv2, Megaphone, Music2, Info
  12 | } from 'lucide-react'
> 13 | import { MOCK_OBRAS, calcularPercentualControlado, getLinksById } from '@/lib/mock-obras'
     | ^^^^^^^^^^^^^^^^^^^^^^^^^^^^^^^^^^^^^^^^^^^^^^^^^^^^^^^^^^^^^^^^^^^^^^^^^^^^^^^^^^^^^^^^^
  14 | import { MOCK_TITULARES } from '@/lib/mock-cadastros'
  15 | import {
  16 |   TIPO_AUTORIZACAO_LABELS, TIPO_AUTORIZACAO_DESCRICAO, TIPO_AUTORIZACAO_COLORS,

The export getLinksById was not found in module [project]/lib/mock-obras.ts [app-client] (ecmascript).
Did you mean to import default?
All exports of the module are statically known (It doesn't have dynamic exports). So it's known statically that the requested export doesn't exist.

Import traces:
  Client Component Browser:
    ./app/master/autorizacoes/nova/page.tsx [Client Component Browser]
    ./app/master/autorizacoes/nova/page.tsx [Server Component]

  Client Component SSR:
    ./app/master/autorizacoes/nova/page.tsx [Client Component SSR]
    ./app/master/autorizacoes/nova/page.tsx [Server Component] @ http://localhost:3000/_next/static/chunks/node_modules_next_dist_0u_w_5s._.js:1945
[  504223ms] [ERROR] ./app/master/autorizacoes/nova/page.tsx:13:1
Export getLinksById doesn't exist in target module
  11 |   Tv2, Megaphone, Music2, Info
  12 | } from 'lucide-react'
> 13 | import { MOCK_OBRAS, calcularPercentualControlado, getLinksById } from '@/lib/mock-obras'
     | ^^^^^^^^^^^^^^^^^^^^^^^^^^^^^^^^^^^^^^^^^^^^^^^^^^^^^^^^^^^^^^^^^^^^^^^^^^^^^^^^^^^^^^^^^
  14 | import { MOCK_TITULARES } from '@/lib/mock-cadastros'
  15 | import {
  16 |   TIPO_AUTORIZACAO_LABELS, TIPO_AUTORIZACAO_DESCRICAO, TIPO_AUTORIZACAO_COLORS,

The export getLinksById was not found in module [project]/lib/mock-obras.ts [app-ssr] (ecmascript).
Did you mean to import default?
All exports of the module are statically known (It doesn't have dynamic exports). So it's known statically that the requested export doesn't exist.

Import traces:
  Client Component Browser:
    ./app/master/autorizacoes/nova/page.tsx [Client Component Browser]
    ./app/master/autorizacoes/nova/page.tsx [Server Component]

  Client Component SSR:
    ./app/master/autorizacoes/nova/page.tsx [Client Component SSR]
    ./app/master/autorizacoes/nova/page.tsx [Server Component] @ http://localhost:3000/_next/static/chunks/node_modules_next_dist_0u_w_5s._.js:1945
[  504240ms] [ERROR] ./app/master/autorizacoes/nova/page.tsx:13:1
Export calcularPercentualControlado doesn't exist in target module
  11 |   Tv2, Megaphone, Music2, Info
  12 | } from 'lucide-react'
> 13 | import { MOCK_OBRAS, calcularPercentualControlado, getLinksById } from '@/lib/mock-obras'
     | ^^^^^^^^^^^^^^^^^^^^^^^^^^^^^^^^^^^^^^^^^^^^^^^^^^^^^^^^^^^^^^^^^^^^^^^^^^^^^^^^^^^^^^^^^
  14 | import { MOCK_TITULARES } from '@/lib/mock-cadastros'
  15 | import {
  16 |   TIPO_AUTORIZACAO_LABELS, TIPO_AUTORIZACAO_DESCRICAO, TIPO_AUTORIZACAO_COLORS,

The export calcularPercentualControlado was not found in module [project]/lib/mock-obras.ts [app-client] (ecmascript).
Did you mean to import default?
All exports of the module are statically known (It doesn't have dynamic exports). So it's known statically that the requested export doesn't exist.

Import traces:
  Client Component Browser:
    ./app/master/autorizacoes/nova/page.tsx [Client Component Browser]
    ./app/master/autorizacoes/nova/page.tsx [Server Component]

  Client Component SSR:
    ./app/master/autorizacoes/nova/page.tsx [Client Component SSR]
    ./app/master/autorizacoes/nova/page.tsx [Server Component] @ http://localhost:3000/_next/static/chunks/node_modules_next_dist_0u_w_5s._.js:1945
[  504240ms] [ERROR] ./app/master/autorizacoes/nova/page.tsx:13:1
Export calcularPercentualControlado doesn't exist in target module
  11 |   Tv2, Megaphone, Music2, Info
  12 | } from 'lucide-react'
> 13 | import { MOCK_OBRAS, calcularPercentualControlado, getLinksById } from '@/lib/mock-obras'
     | ^^^^^^^^^^^^^^^^^^^^^^^^^^^^^^^^^^^^^^^^^^^^^^^^^^^^^^^^^^^^^^^^^^^^^^^^^^^^^^^^^^^^^^^^^
  14 | import { MOCK_TITULARES } from '@/lib/mock-cadastros'
  15 | import {
  16 |   TIPO_AUTORIZACAO_LABELS, TIPO_AUTORIZACAO_DESCRICAO, TIPO_AUTORIZACAO_COLORS,

The export calcularPercentualControlado was not found in module [project]/lib/mock-obras.ts [app-ssr] (ecmascript).
Did you mean to import default?
All exports of the module are statically known (It doesn't have dynamic exports). So it's known statically that the requested export doesn't exist.

Import traces:
  Client Component Browser:
    ./app/master/autorizacoes/nova/page.tsx [Client Component Browser]
    ./app/master/autorizacoes/nova/page.tsx [Server Component]

  Client Component SSR:
    ./app/master/autorizacoes/nova/page.tsx [Client Component SSR]
    ./app/master/autorizacoes/nova/page.tsx [Server Component] @ http://localhost:3000/_next/static/chunks/node_modules_next_dist_0u_w_5s._.js:1945
[  504241ms] [ERROR] ./app/master/autorizacoes/nova/page.tsx:13:1
Export getLinksById doesn't exist in target module
  11 |   Tv2, Megaphone, Music2, Info
  12 | } from 'lucide-react'
> 13 | import { MOCK_OBRAS, calcularPercentualControlado, getLinksById } from '@/lib/mock-obras'
     | ^^^^^^^^^^^^^^^^^^^^^^^^^^^^^^^^^^^^^^^^^^^^^^^^^^^^^^^^^^^^^^^^^^^^^^^^^^^^^^^^^^^^^^^^^
  14 | import { MOCK_TITULARES } from '@/lib/mock-cadastros'
  15 | import {
  16 |   TIPO_AUTORIZACAO_LABELS, TIPO_AUTORIZACAO_DESCRICAO, TIPO_AUTORIZACAO_COLORS,

The export getLinksById was not found in module [project]/lib/mock-obras.ts [app-client] (ecmascript).
Did you mean to import default?
All exports of the module are statically known (It doesn't have dynamic exports). So it's known statically that the requested export doesn't exist.

Import traces:
  Client Component Browser:
    ./app/master/autorizacoes/nova/page.tsx [Client Component Browser]
    ./app/master/autorizacoes/nova/page.tsx [Server Component]

  Client Component SSR:
    ./app/master/autorizacoes/nova/page.tsx [Client Component SSR]
    ./app/master/autorizacoes/nova/page.tsx [Server Component] @ http://localhost:3000/_next/static/chunks/node_modules_next_dist_0u_w_5s._.js:1945
[  504246ms] [ERROR] ./app/master/autorizacoes/nova/page.tsx:13:1
Export getLinksById doesn't exist in target module
  11 |   Tv2, Megaphone, Music2, Info
  12 | } from 'lucide-react'
> 13 | import { MOCK_OBRAS, calcularPercentualControlado, getLinksById } from '@/lib/mock-obras'
     | ^^^^^^^^^^^^^^^^^^^^^^^^^^^^^^^^^^^^^^^^^^^^^^^^^^^^^^^^^^^^^^^^^^^^^^^^^^^^^^^^^^^^^^^^^
  14 | import { MOCK_TITULARES } from '@/lib/mock-cadastros'
  15 | import {
  16 |   TIPO_AUTORIZACAO_LABELS, TIPO_AUTORIZACAO_DESCRICAO, TIPO_AUTORIZACAO_COLORS,

The export getLinksById was not found in module [project]/lib/mock-obras.ts [app-ssr] (ecmascript).
Did you mean to import default?
All exports of the module are statically known (It doesn't have dynamic exports). So it's known statically that the requested export doesn't exist.

Import traces:
  Client Component Browser:
    ./app/master/autorizacoes/nova/page.tsx [Client Component Browser]
    ./app/master/autorizacoes/nova/page.tsx [Server Component]

  Client Component SSR:
    ./app/master/autorizacoes/nova/page.tsx [Client Component SSR]
    ./app/master/autorizacoes/nova/page.tsx [Server Component] @ http://localhost:3000/_next/static/chunks/node_modules_next_dist_0u_w_5s._.js:1945
[  504326ms] [LOG] [Fast Refresh] rebuilding @ http://localhost:3000/_next/static/chunks/node_modules_next_dist_0u_w_5s._.js:1226
[  504399ms] [ERROR] ./app/master/autorizacoes/nova/page.tsx:13:1
Export calcularPercentualControlado doesn't exist in target module
  11 |   Tv2, Megaphone, Music2, Info
  12 | } from 'lucide-react'
> 13 | import { MOCK_OBRAS, calcularPercentualControlado, getLinksById } from '@/lib/mock-obras'
     | ^^^^^^^^^^^^^^^^^^^^^^^^^^^^^^^^^^^^^^^^^^^^^^^^^^^^^^^^^^^^^^^^^^^^^^^^^^^^^^^^^^^^^^^^^
  14 | import { MOCK_TITULARES } from '@/lib/mock-cadastros'
  15 | import {
  16 |   TIPO_AUTORIZACAO_LABELS, TIPO_AUTORIZACAO_DESCRICAO, TIPO_AUTORIZACAO_COLORS,

The export calcularPercentualControlado was not found in module [project]/lib/mock-obras.ts [app-client] (ecmascript).
Did you mean to import default?
All exports of the module are statically known (It doesn't have dynamic exports). So it's known statically that the requested export doesn't exist.

Import traces:
  Client Component Browser:
    ./app/master/autorizacoes/nova/page.tsx [Client Component Browser]
    ./app/master/autorizacoes/nova/page.tsx [Server Component]

  Client Component SSR:
    ./app/master/autorizacoes/nova/page.tsx [Client Component SSR]
    ./app/master/autorizacoes/nova/page.tsx [Server Component] @ http://localhost:3000/_next/static/chunks/node_modules_next_dist_0u_w_5s._.js:1945
[  504399ms] [ERROR] ./app/master/autorizacoes/nova/page.tsx:13:1
Export calcularPercentualControlado doesn't exist in target module
  11 |   Tv2, Megaphone, Music2, Info
  12 | } from 'lucide-react'
> 13 | import { MOCK_OBRAS, calcularPercentualControlado, getLinksById } from '@/lib/mock-obras'
     | ^^^^^^^^^^^^^^^^^^^^^^^^^^^^^^^^^^^^^^^^^^^^^^^^^^^^^^^^^^^^^^^^^^^^^^^^^^^^^^^^^^^^^^^^^
  14 | import { MOCK_TITULARES } from '@/lib/mock-cadastros'
  15 | import {
  16 |   TIPO_AUTORIZACAO_LABELS, TIPO_AUTORIZACAO_DESCRICAO, TIPO_AUTORIZACAO_COLORS,

The export calcularPercentualControlado was not found in module [project]/lib/mock-obras.ts [app-ssr] (ecmascript).
Did you mean to import default?
All exports of the module are statically known (It doesn't have dynamic exports). So it's known statically that the requested export doesn't exist.

Import traces:
  Client Component Browser:
    ./app/master/autorizacoes/nova/page.tsx [Client Component Browser]
    ./app/master/autorizacoes/nova/page.tsx [Server Component]

  Client Component SSR:
    ./app/master/autorizacoes/nova/page.tsx [Client Component SSR]
    ./app/master/autorizacoes/nova/page.tsx [Server Component] @ http://localhost:3000/_next/static/chunks/node_modules_next_dist_0u_w_5s._.js:1945
[  504399ms] [ERROR] ./app/master/autorizacoes/nova/page.tsx:13:1
Export getLinksById doesn't exist in target module
  11 |   Tv2, Megaphone, Music2, Info
  12 | } from 'lucide-react'
> 13 | import { MOCK_OBRAS, calcularPercentualControlado, getLinksById } from '@/lib/mock-obras'
     | ^^^^^^^^^^^^^^^^^^^^^^^^^^^^^^^^^^^^^^^^^^^^^^^^^^^^^^^^^^^^^^^^^^^^^^^^^^^^^^^^^^^^^^^^^
  14 | import { MOCK_TITULARES } from '@/lib/mock-cadastros'
  15 | import {
  16 |   TIPO_AUTORIZACAO_LABELS, TIPO_AUTORIZACAO_DESCRICAO, TIPO_AUTORIZACAO_COLORS,

The export getLinksById was not found in module [project]/lib/mock-obras.ts [app-client] (ecmascript).
Did you mean to import default?
All exports of the module are statically known (It doesn't have dynamic exports). So it's known statically that the requested export doesn't exist.

Import traces:
  Client Component Browser:
    ./app/master/autorizacoes/nova/page.tsx [Client Component Browser]
    ./app/master/autorizacoes/nova/page.tsx [Server Component]

  Client Component SSR:
    ./app/master/autorizacoes/nova/page.tsx [Client Component SSR]
    ./app/master/autorizacoes/nova/page.tsx [Server Component] @ http://localhost:3000/_next/static/chunks/node_modules_next_dist_0u_w_5s._.js:1945
[  504400ms] [ERROR] ./app/master/autorizacoes/nova/page.tsx:13:1
Export getLinksById doesn't exist in target module
  11 |   Tv2, Megaphone, Music2, Info
  12 | } from 'lucide-react'
> 13 | import { MOCK_OBRAS, calcularPercentualControlado, getLinksById } from '@/lib/mock-obras'
     | ^^^^^^^^^^^^^^^^^^^^^^^^^^^^^^^^^^^^^^^^^^^^^^^^^^^^^^^^^^^^^^^^^^^^^^^^^^^^^^^^^^^^^^^^^
  14 | import { MOCK_TITULARES } from '@/lib/mock-cadastros'
  15 | import {
  16 |   TIPO_AUTORIZACAO_LABELS, TIPO_AUTORIZACAO_DESCRICAO, TIPO_AUTORIZACAO_COLORS,

The export getLinksById was not found in module [project]/lib/mock-obras.ts [app-ssr] (ecmascript).
Did you mean to import default?
All exports of the module are statically known (It doesn't have dynamic exports). So it's known statically that the requested export doesn't exist.

Import traces:
  Client Component Browser:
    ./app/master/autorizacoes/nova/page.tsx [Client Component Browser]
    ./app/master/autorizacoes/nova/page.tsx [Server Component]

  Client Component SSR:
    ./app/master/autorizacoes/nova/page.tsx [Client Component SSR]
    ./app/master/autorizacoes/nova/page.tsx [Server Component] @ http://localhost:3000/_next/static/chunks/node_modules_next_dist_0u_w_5s._.js:1945
[  504442ms] [LOG] [Fast Refresh] rebuilding @ http://localhost:3000/_next/static/chunks/node_modules_next_dist_0u_w_5s._.js:1226
[  504498ms] [ERROR] ./app/master/autorizacoes/nova/page.tsx:13:1
Export calcularPercentualControlado doesn't exist in target module
  11 |   Tv2, Megaphone, Music2, Info
  12 | } from 'lucide-react'
> 13 | import { MOCK_OBRAS, calcularPercentualControlado, getLinksById } from '@/lib/mock-obras'
     | ^^^^^^^^^^^^^^^^^^^^^^^^^^^^^^^^^^^^^^^^^^^^^^^^^^^^^^^^^^^^^^^^^^^^^^^^^^^^^^^^^^^^^^^^^
  14 | import { MOCK_TITULARES } from '@/lib/mock-cadastros'
  15 | import {
  16 |   TIPO_AUTORIZACAO_LABELS, TIPO_AUTORIZACAO_DESCRICAO, TIPO_AUTORIZACAO_COLORS,

The export calcularPercentualControlado was not found in module [project]/lib/mock-obras.ts [app-client] (ecmascript).
Did you mean to import default?
All exports of the module are statically known (It doesn't have dynamic exports). So it's known statically that the requested export doesn't exist.

Import traces:
  Client Component Browser:
    ./app/master/autorizacoes/nova/page.tsx [Client Component Browser]
    ./app/master/autorizacoes/nova/page.tsx [Server Component]

  Client Component SSR:
    ./app/master/autorizacoes/nova/page.tsx [Client Component SSR]
    ./app/master/autorizacoes/nova/page.tsx [Server Component] @ http://localhost:3000/_next/static/chunks/node_modules_next_dist_0u_w_5s._.js:1945
[  504499ms] [ERROR] ./app/master/autorizacoes/nova/page.tsx:13:1
Export calcularPercentualControlado doesn't exist in target module
  11 |   Tv2, Megaphone, Music2, Info
  12 | } from 'lucide-react'
> 13 | import { MOCK_OBRAS, calcularPercentualControlado, getLinksById } from '@/lib/mock-obras'
     | ^^^^^^^^^^^^^^^^^^^^^^^^^^^^^^^^^^^^^^^^^^^^^^^^^^^^^^^^^^^^^^^^^^^^^^^^^^^^^^^^^^^^^^^^^
  14 | import { MOCK_TITULARES } from '@/lib/mock-cadastros'
  15 | import {
  16 |   TIPO_AUTORIZACAO_LABELS, TIPO_AUTORIZACAO_DESCRICAO, TIPO_AUTORIZACAO_COLORS,

The export calcularPercentualControlado was not found in module [project]/lib/mock-obras.ts [app-ssr] (ecmascript).
Did you mean to import default?
All exports of the module are statically known (It doesn't have dynamic exports). So it's known statically that the requested export doesn't exist.

Import traces:
  Client Component Browser:
    ./app/master/autorizacoes/nova/page.tsx [Client Component Browser]
    ./app/master/autorizacoes/nova/page.tsx [Server Component]

  Client Component SSR:
    ./app/master/autorizacoes/nova/page.tsx [Client Component SSR]
    ./app/master/autorizacoes/nova/page.tsx [Server Component] @ http://localhost:3000/_next/static/chunks/node_modules_next_dist_0u_w_5s._.js:1945
[  504499ms] [ERROR] ./app/master/autorizacoes/nova/page.tsx:13:1
Export getLinksById doesn't exist in target module
  11 |   Tv2, Megaphone, Music2, Info
  12 | } from 'lucide-react'
> 13 | import { MOCK_OBRAS, calcularPercentualControlado, getLinksById } from '@/lib/mock-obras'
     | ^^^^^^^^^^^^^^^^^^^^^^^^^^^^^^^^^^^^^^^^^^^^^^^^^^^^^^^^^^^^^^^^^^^^^^^^^^^^^^^^^^^^^^^^^
  14 | import { MOCK_TITULARES } from '@/lib/mock-cadastros'
  15 | import {
  16 |   TIPO_AUTORIZACAO_LABELS, TIPO_AUTORIZACAO_DESCRICAO, TIPO_AUTORIZACAO_COLORS,

The export getLinksById was not found in module [project]/lib/mock-obras.ts [app-client] (ecmascript).
Did you mean to import default?
All exports of the module are statically known (It doesn't have dynamic exports). So it's known statically that the requested export doesn't exist.

Import traces:
  Client Component Browser:
    ./app/master/autorizacoes/nova/page.tsx [Client Component Browser]
    ./app/master/autorizacoes/nova/page.tsx [Server Component]

  Client Component SSR:
    ./app/master/autorizacoes/nova/page.tsx [Client Component SSR]
    ./app/master/autorizacoes/nova/page.tsx [Server Component] @ http://localhost:3000/_next/static/chunks/node_modules_next_dist_0u_w_5s._.js:1945
[  504499ms] [ERROR] ./app/master/autorizacoes/nova/page.tsx:13:1
Export getLinksById doesn't exist in target module
  11 |   Tv2, Megaphone, Music2, Info
  12 | } from 'lucide-react'
> 13 | import { MOCK_OBRAS, calcularPercentualControlado, getLinksById } from '@/lib/mock-obras'
     | ^^^^^^^^^^^^^^^^^^^^^^^^^^^^^^^^^^^^^^^^^^^^^^^^^^^^^^^^^^^^^^^^^^^^^^^^^^^^^^^^^^^^^^^^^
  14 | import { MOCK_TITULARES } from '@/lib/mock-cadastros'
  15 | import {
  16 |   TIPO_AUTORIZACAO_LABELS, TIPO_AUTORIZACAO_DESCRICAO, TIPO_AUTORIZACAO_COLORS,

The export getLinksById was not found in module [project]/lib/mock-obras.ts [app-ssr] (ecmascript).
Did you mean to import default?
All exports of the module are statically known (It doesn't have dynamic exports). So it's known statically that the requested export doesn't exist.

Import traces:
  Client Component Browser:
    ./app/master/autorizacoes/nova/page.tsx [Client Component Browser]
    ./app/master/autorizacoes/nova/page.tsx [Server Component]

  Client Component SSR:
    ./app/master/autorizacoes/nova/page.tsx [Client Component SSR]
    ./app/master/autorizacoes/nova/page.tsx [Server Component] @ http://localhost:3000/_next/static/chunks/node_modules_next_dist_0u_w_5s._.js:1945
[  504560ms] [LOG] [Fast Refresh] rebuilding @ http://localhost:3000/_next/static/chunks/node_modules_next_dist_0u_w_5s._.js:1226
[  504799ms] [ERROR] ./app/master/autorizacoes/nova/page.tsx:13:1
Export calcularPercentualControlado doesn't exist in target module
  11 |   Tv2, Megaphone, Music2, Info
  12 | } from 'lucide-react'
> 13 | import { MOCK_OBRAS, calcularPercentualControlado, getLinksById } from '@/lib/mock-obras'
     | ^^^^^^^^^^^^^^^^^^^^^^^^^^^^^^^^^^^^^^^^^^^^^^^^^^^^^^^^^^^^^^^^^^^^^^^^^^^^^^^^^^^^^^^^^
  14 | import { MOCK_TITULARES } from '@/lib/mock-cadastros'
  15 | import {
  16 |   TIPO_AUTORIZACAO_LABELS, TIPO_AUTORIZACAO_DESCRICAO, TIPO_AUTORIZACAO_COLORS,

The export calcularPercentualControlado was not found in module [project]/lib/mock-obras.ts [app-client] (ecmascript).
Did you mean to import default?
All exports of the module are statically known (It doesn't have dynamic exports). So it's known statically that the requested export doesn't exist.

Import traces:
  Client Component Browser:
    ./app/master/autorizacoes/nova/page.tsx [Client Component Browser]
    ./app/master/autorizacoes/nova/page.tsx [Server Component]

  Client Component SSR:
    ./app/master/autorizacoes/nova/page.tsx [Client Component SSR]
    ./app/master/autorizacoes/nova/page.tsx [Server Component] @ http://localhost:3000/_next/static/chunks/node_modules_next_dist_0u_w_5s._.js:1945
[  504799ms] [ERROR] ./app/master/autorizacoes/nova/page.tsx:13:1
Export calcularPercentualControlado doesn't exist in target module
  11 |   Tv2, Megaphone, Music2, Info
  12 | } from 'lucide-react'
> 13 | import { MOCK_OBRAS, calcularPercentualControlado, getLinksById } from '@/lib/mock-obras'
     | ^^^^^^^^^^^^^^^^^^^^^^^^^^^^^^^^^^^^^^^^^^^^^^^^^^^^^^^^^^^^^^^^^^^^^^^^^^^^^^^^^^^^^^^^^
  14 | import { MOCK_TITULARES } from '@/lib/mock-cadastros'
  15 | import {
  16 |   TIPO_AUTORIZACAO_LABELS, TIPO_AUTORIZACAO_DESCRICAO, TIPO_AUTORIZACAO_COLORS,

The export calcularPercentualControlado was not found in module [project]/lib/mock-obras.ts [app-ssr] (ecmascript).
Did you mean to import default?
All exports of the module are statically known (It doesn't have dynamic exports). So it's known statically that the requested export doesn't exist.

Import traces:
  Client Component Browser:
    ./app/master/autorizacoes/nova/page.tsx [Client Component Browser]
    ./app/master/autorizacoes/nova/page.tsx [Server Component]

  Client Component SSR:
    ./app/master/autorizacoes/nova/page.tsx [Client Component SSR]
    ./app/master/autorizacoes/nova/page.tsx [Server Component] @ http://localhost:3000/_next/static/chunks/node_modules_next_dist_0u_w_5s._.js:1945
[  504799ms] [ERROR] ./app/master/autorizacoes/nova/page.tsx:13:1
Export getLinksById doesn't exist in target module
  11 |   Tv2, Megaphone, Music2, Info
  12 | } from 'lucide-react'
> 13 | import { MOCK_OBRAS, calcularPercentualControlado, getLinksById } from '@/lib/mock-obras'
     | ^^^^^^^^^^^^^^^^^^^^^^^^^^^^^^^^^^^^^^^^^^^^^^^^^^^^^^^^^^^^^^^^^^^^^^^^^^^^^^^^^^^^^^^^^
  14 | import { MOCK_TITULARES } from '@/lib/mock-cadastros'
  15 | import {
  16 |   TIPO_AUTORIZACAO_LABELS, TIPO_AUTORIZACAO_DESCRICAO, TIPO_AUTORIZACAO_COLORS,

The export getLinksById was not found in module [project]/lib/mock-obras.ts [app-client] (ecmascript).
Did you mean to import default?
All exports of the module are statically known (It doesn't have dynamic exports). So it's known statically that the requested export doesn't exist.

Import traces:
  Client Component Browser:
    ./app/master/autorizacoes/nova/page.tsx [Client Component Browser]
    ./app/master/autorizacoes/nova/page.tsx [Server Component]

  Client Component SSR:
    ./app/master/autorizacoes/nova/page.tsx [Client Component SSR]
    ./app/master/autorizacoes/nova/page.tsx [Server Component] @ http://localhost:3000/_next/static/chunks/node_modules_next_dist_0u_w_5s._.js:1945
[  504799ms] [ERROR] ./app/master/autorizacoes/nova/page.tsx:13:1
Export getLinksById doesn't exist in target module
  11 |   Tv2, Megaphone, Music2, Info
  12 | } from 'lucide-react'
> 13 | import { MOCK_OBRAS, calcularPercentualControlado, getLinksById } from '@/lib/mock-obras'
     | ^^^^^^^^^^^^^^^^^^^^^^^^^^^^^^^^^^^^^^^^^^^^^^^^^^^^^^^^^^^^^^^^^^^^^^^^^^^^^^^^^^^^^^^^^
  14 | import { MOCK_TITULARES } from '@/lib/mock-cadastros'
  15 | import {
  16 |   TIPO_AUTORIZACAO_LABELS, TIPO_AUTORIZACAO_DESCRICAO, TIPO_AUTORIZACAO_COLORS,

The export getLinksById was not found in module [project]/lib/mock-obras.ts [app-ssr] (ecmascript).
Did you mean to import default?
All exports of the module are statically known (It doesn't have dynamic exports). So it's known statically that the requested export doesn't exist.

Import traces:
  Client Component Browser:
    ./app/master/autorizacoes/nova/page.tsx [Client Component Browser]
    ./app/master/autorizacoes/nova/page.tsx [Server Component]

  Client Component SSR:
    ./app/master/autorizacoes/nova/page.tsx [Client Component SSR]
    ./app/master/autorizacoes/nova/page.tsx [Server Component] @ http://localhost:3000/_next/static/chunks/node_modules_next_dist_0u_w_5s._.js:1945
[  504858ms] [LOG] [Fast Refresh] rebuilding @ http://localhost:3000/_next/static/chunks/node_modules_next_dist_0u_w_5s._.js:1226
[  534117ms] [ERROR] ./app/master/autorizacoes/nova/page.tsx:13:1
Export calcularPercentualControlado doesn't exist in target module
  11 |   Tv2, Megaphone, Music2, Info
  12 | } from 'lucide-react'
> 13 | import { MOCK_OBRAS, calcularPercentualControlado, getLinksById } from '@/lib/mock-obras'
     | ^^^^^^^^^^^^^^^^^^^^^^^^^^^^^^^^^^^^^^^^^^^^^^^^^^^^^^^^^^^^^^^^^^^^^^^^^^^^^^^^^^^^^^^^^
  14 | import { MOCK_TITULARES } from '@/lib/mock-cadastros'
  15 | import {
  16 |   TIPO_AUTORIZACAO_LABELS, TIPO_AUTORIZACAO_DESCRICAO, TIPO_AUTORIZACAO_COLORS,

The export calcularPercentualControlado was not found in module [project]/lib/mock-obras.ts [app-client] (ecmascript).
Did you mean to import default?
All exports of the module are statically known (It doesn't have dynamic exports). So it's known statically that the requested export doesn't exist.

Import traces:
  Client Component Browser:
    ./app/master/autorizacoes/nova/page.tsx [Client Component Browser]
    ./app/master/autorizacoes/nova/page.tsx [Server Component]

  Client Component SSR:
    ./app/master/autorizacoes/nova/page.tsx [Client Component SSR]
    ./app/master/autorizacoes/nova/page.tsx [Server Component] @ http://localhost:3000/_next/static/chunks/node_modules_next_dist_0u_w_5s._.js:1945
[  534118ms] [ERROR] ./app/master/autorizacoes/nova/page.tsx:13:1
Export calcularPercentualControlado doesn't exist in target module
  11 |   Tv2, Megaphone, Music2, Info
  12 | } from 'lucide-react'
> 13 | import { MOCK_OBRAS, calcularPercentualControlado, getLinksById } from '@/lib/mock-obras'
     | ^^^^^^^^^^^^^^^^^^^^^^^^^^^^^^^^^^^^^^^^^^^^^^^^^^^^^^^^^^^^^^^^^^^^^^^^^^^^^^^^^^^^^^^^^
  14 | import { MOCK_TITULARES } from '@/lib/mock-cadastros'
  15 | import {
  16 |   TIPO_AUTORIZACAO_LABELS, TIPO_AUTORIZACAO_DESCRICAO, TIPO_AUTORIZACAO_COLORS,

The export calcularPercentualControlado was not found in module [project]/lib/mock-obras.ts [app-ssr] (ecmascript).
Did you mean to import default?
All exports of the module are statically known (It doesn't have dynamic exports). So it's known statically that the requested export doesn't exist.

Import traces:
  Client Component Browser:
    ./app/master/autorizacoes/nova/page.tsx [Client Component Browser]
    ./app/master/autorizacoes/nova/page.tsx [Server Component]

  Client Component SSR:
    ./app/master/autorizacoes/nova/page.tsx [Client Component SSR]
    ./app/master/autorizacoes/nova/page.tsx [Server Component] @ http://localhost:3000/_next/static/chunks/node_modules_next_dist_0u_w_5s._.js:1945
[  534118ms] [ERROR] ./app/master/autorizacoes/nova/page.tsx:13:1
Export getLinksById doesn't exist in target module
  11 |   Tv2, Megaphone, Music2, Info
  12 | } from 'lucide-react'
> 13 | import { MOCK_OBRAS, calcularPercentualControlado, getLinksById } from '@/lib/mock-obras'
     | ^^^^^^^^^^^^^^^^^^^^^^^^^^^^^^^^^^^^^^^^^^^^^^^^^^^^^^^^^^^^^^^^^^^^^^^^^^^^^^^^^^^^^^^^^
  14 | import { MOCK_TITULARES } from '@/lib/mock-cadastros'
  15 | import {
  16 |   TIPO_AUTORIZACAO_LABELS, TIPO_AUTORIZACAO_DESCRICAO, TIPO_AUTORIZACAO_COLORS,

The export getLinksById was not found in module [project]/lib/mock-obras.ts [app-client] (ecmascript).
Did you mean to import default?
All exports of the module are statically known (It doesn't have dynamic exports). So it's known statically that the requested export doesn't exist.

Import traces:
  Client Component Browser:
    ./app/master/autorizacoes/nova/page.tsx [Client Component Browser]
    ./app/master/autorizacoes/nova/page.tsx [Server Component]

  Client Component SSR:
    ./app/master/autorizacoes/nova/page.tsx [Client Component SSR]
    ./app/master/autorizacoes/nova/page.tsx [Server Component] @ http://localhost:3000/_next/static/chunks/node_modules_next_dist_0u_w_5s._.js:1945
[  534118ms] [ERROR] ./app/master/autorizacoes/nova/page.tsx:13:1
Export getLinksById doesn't exist in target module
  11 |   Tv2, Megaphone, Music2, Info
  12 | } from 'lucide-react'
> 13 | import { MOCK_OBRAS, calcularPercentualControlado, getLinksById } from '@/lib/mock-obras'
     | ^^^^^^^^^^^^^^^^^^^^^^^^^^^^^^^^^^^^^^^^^^^^^^^^^^^^^^^^^^^^^^^^^^^^^^^^^^^^^^^^^^^^^^^^^
  14 | import { MOCK_TITULARES } from '@/lib/mock-cadastros'
  15 | import {
  16 |   TIPO_AUTORIZACAO_LABELS, TIPO_AUTORIZACAO_DESCRICAO, TIPO_AUTORIZACAO_COLORS,

The export getLinksById was not found in module [project]/lib/mock-obras.ts [app-ssr] (ecmascript).
Did you mean to import default?
All exports of the module are statically known (It doesn't have dynamic exports). So it's known statically that the requested export doesn't exist.

Import traces:
  Client Component Browser:
    ./app/master/autorizacoes/nova/page.tsx [Client Component Browser]
    ./app/master/autorizacoes/nova/page.tsx [Server Component]

  Client Component SSR:
    ./app/master/autorizacoes/nova/page.tsx [Client Component SSR]
    ./app/master/autorizacoes/nova/page.tsx [Server Component] @ http://localhost:3000/_next/static/chunks/node_modules_next_dist_0u_w_5s._.js:1945
[  534190ms] [LOG] [Fast Refresh] rebuilding @ http://localhost:3000/_next/static/chunks/node_modules_next_dist_0u_w_5s._.js:1226
[  536231ms] [ERROR] ./app/master/autorizacoes/nova/page.tsx:13:1
Export calcularPercentualControlado doesn't exist in target module
  11 |   Tv2, Megaphone, Music2, Info
  12 | } from 'lucide-react'
> 13 | import { MOCK_OBRAS, calcularPercentualControlado, getLinksById } from '@/lib/mock-obras'
     | ^^^^^^^^^^^^^^^^^^^^^^^^^^^^^^^^^^^^^^^^^^^^^^^^^^^^^^^^^^^^^^^^^^^^^^^^^^^^^^^^^^^^^^^^^
  14 | import { MOCK_TITULARES } from '@/lib/mock-cadastros'
  15 | import {
  16 |   TIPO_AUTORIZACAO_LABELS, TIPO_AUTORIZACAO_DESCRICAO, TIPO_AUTORIZACAO_COLORS,

The export calcularPercentualControlado was not found in module [project]/lib/mock-obras.ts [app-client] (ecmascript).
Did you mean to import default?
All exports of the module are statically known (It doesn't have dynamic exports). So it's known statically that the requested export doesn't exist.

Import traces:
  Client Component Browser:
    ./app/master/autorizacoes/nova/page.tsx [Client Component Browser]
    ./app/master/autorizacoes/nova/page.tsx [Server Component]

  Client Component SSR:
    ./app/master/autorizacoes/nova/page.tsx [Client Component SSR]
    ./app/master/autorizacoes/nova/page.tsx [Server Component] @ http://localhost:3000/_next/static/chunks/node_modules_next_dist_0u_w_5s._.js:1945
[  536231ms] [ERROR] ./app/master/autorizacoes/nova/page.tsx:13:1
Export calcularPercentualControlado doesn't exist in target module
  11 |   Tv2, Megaphone, Music2, Info
  12 | } from 'lucide-react'
> 13 | import { MOCK_OBRAS, calcularPercentualControlado, getLinksById } from '@/lib/mock-obras'
     | ^^^^^^^^^^^^^^^^^^^^^^^^^^^^^^^^^^^^^^^^^^^^^^^^^^^^^^^^^^^^^^^^^^^^^^^^^^^^^^^^^^^^^^^^^
  14 | import { MOCK_TITULARES } from '@/lib/mock-cadastros'
  15 | import {
  16 |   TIPO_AUTORIZACAO_LABELS, TIPO_AUTORIZACAO_DESCRICAO, TIPO_AUTORIZACAO_COLORS,

The export calcularPercentualControlado was not found in module [project]/lib/mock-obras.ts [app-ssr] (ecmascript).
Did you mean to import default?
All exports of the module are statically known (It doesn't have dynamic exports). So it's known statically that the requested export doesn't exist.

Import traces:
  Client Component Browser:
    ./app/master/autorizacoes/nova/page.tsx [Client Component Browser]
    ./app/master/autorizacoes/nova/page.tsx [Server Component]

  Client Component SSR:
    ./app/master/autorizacoes/nova/page.tsx [Client Component SSR]
    ./app/master/autorizacoes/nova/page.tsx [Server Component] @ http://localhost:3000/_next/static/chunks/node_modules_next_dist_0u_w_5s._.js:1945
[  536232ms] [ERROR] ./app/master/autorizacoes/nova/page.tsx:13:1
Export getLinksById doesn't exist in target module
  11 |   Tv2, Megaphone, Music2, Info
  12 | } from 'lucide-react'
> 13 | import { MOCK_OBRAS, calcularPercentualControlado, getLinksById } from '@/lib/mock-obras'
     | ^^^^^^^^^^^^^^^^^^^^^^^^^^^^^^^^^^^^^^^^^^^^^^^^^^^^^^^^^^^^^^^^^^^^^^^^^^^^^^^^^^^^^^^^^
  14 | import { MOCK_TITULARES } from '@/lib/mock-cadastros'
  15 | import {
  16 |   TIPO_AUTORIZACAO_LABELS, TIPO_AUTORIZACAO_DESCRICAO, TIPO_AUTORIZACAO_COLORS,

The export getLinksById was not found in module [project]/lib/mock-obras.ts [app-client] (ecmascript).
Did you mean to import default?
All exports of the module are statically known (It doesn't have dynamic exports). So it's known statically that the requested export doesn't exist.

Import traces:
  Client Component Browser:
    ./app/master/autorizacoes/nova/page.tsx [Client Component Browser]
    ./app/master/autorizacoes/nova/page.tsx [Server Component]

  Client Component SSR:
    ./app/master/autorizacoes/nova/page.tsx [Client Component SSR]
    ./app/master/autorizacoes/nova/page.tsx [Server Component] @ http://localhost:3000/_next/static/chunks/node_modules_next_dist_0u_w_5s._.js:1945
[  536232ms] [ERROR] ./app/master/autorizacoes/nova/page.tsx:13:1
Export getLinksById doesn't exist in target module
  11 |   Tv2, Megaphone, Music2, Info
  12 | } from 'lucide-react'
> 13 | import { MOCK_OBRAS, calcularPercentualControlado, getLinksById } from '@/lib/mock-obras'
     | ^^^^^^^^^^^^^^^^^^^^^^^^^^^^^^^^^^^^^^^^^^^^^^^^^^^^^^^^^^^^^^^^^^^^^^^^^^^^^^^^^^^^^^^^^
  14 | import { MOCK_TITULARES } from '@/lib/mock-cadastros'
  15 | import {
  16 |   TIPO_AUTORIZACAO_LABELS, TIPO_AUTORIZACAO_DESCRICAO, TIPO_AUTORIZACAO_COLORS,

The export getLinksById was not found in module [project]/lib/mock-obras.ts [app-ssr] (ecmascript).
Did you mean to import default?
All exports of the module are statically known (It doesn't have dynamic exports). So it's known statically that the requested export doesn't exist.

Import traces:
  Client Component Browser:
    ./app/master/autorizacoes/nova/page.tsx [Client Component Browser]
    ./app/master/autorizacoes/nova/page.tsx [Server Component]

  Client Component SSR:
    ./app/master/autorizacoes/nova/page.tsx [Client Component SSR]
    ./app/master/autorizacoes/nova/page.tsx [Server Component] @ http://localhost:3000/_next/static/chunks/node_modules_next_dist_0u_w_5s._.js:1945
[  536265ms] [LOG] [Fast Refresh] rebuilding @ http://localhost:3000/_next/static/chunks/node_modules_next_dist_0u_w_5s._.js:1226
[  560561ms] [LOG] [Fast Refresh] rebuilding @ http://localhost:3000/_next/static/chunks/node_modules_next_dist_0u_w_5s._.js:1226
[  561957ms] [LOG] [Fast Refresh] done in 1483ms @ http://localhost:3000/_next/static/chunks/node_modules_next_dist_0u_w_5s._.js:1226
[  562938ms] [LOG] [Fast Refresh] rebuilding @ http://localhost:3000/_next/static/chunks/node_modules_next_dist_0u_w_5s._.js:1226
[  562954ms] [LOG] [Fast Refresh] done in 120ms @ http://localhost:3000/_next/static/chunks/node_modules_next_dist_0u_w_5s._.js:1226
[  563082ms] [LOG] [Fast Refresh] rebuilding @ http://localhost:3000/_next/static/chunks/node_modules_next_dist_0u_w_5s._.js:1226
[  563499ms] [LOG] [Fast Refresh] done in 519ms @ http://localhost:3000/_next/static/chunks/node_modules_next_dist_0u_w_5s._.js:1226
[  564773ms] [INFO] %cDownload the React DevTools for a better development experience: https://react.dev/link/react-devtools font-weight:bold @ http://localhost:3000/_next/static/chunks/node_modules_next_dist_115brz8._.js:2477
[  564817ms] [LOG] [HMR] connected @ http://localhost:3000/_next/static/chunks/node_modules_next_dist_115brz8._.js:2477
[  616363ms] [LOG] [Fast Refresh] rebuilding @ http://localhost:3000/_next/static/chunks/node_modules_next_dist_115brz8._.js:2477
[  617006ms] [LOG] [Fast Refresh] done in 738ms @ http://localhost:3000/_next/static/chunks/node_modules_next_dist_115brz8._.js:2477
[  617198ms] [LOG] [Fast Refresh] rebuilding @ http://localhost:3000/_next/static/chunks/node_modules_next_dist_115brz8._.js:2477
[  617367ms] [LOG] [Fast Refresh] done in 273ms @ http://localhost:3000/_next/static/chunks/node_modules_next_dist_115brz8._.js:2477
[  617513ms] [LOG] [Fast Refresh] rebuilding @ http://localhost:3000/_next/static/chunks/node_modules_next_dist_115brz8._.js:2477
[  617690ms] [LOG] [Fast Refresh] done in 282ms @ http://localhost:3000/_next/static/chunks/node_modules_next_dist_115brz8._.js:2477
[  618116ms] [LOG] [Fast Refresh] rebuilding @ http://localhost:3000/_next/static/chunks/node_modules_next_dist_115brz8._.js:2477
[  618327ms] [LOG] [Fast Refresh] done in 315ms @ http://localhost:3000/_next/static/chunks/node_modules_next_dist_115brz8._.js:2477
[  695357ms] [LOG] [Fast Refresh] rebuilding @ http://localhost:3000/_next/static/chunks/node_modules_next_dist_115brz8._.js:2477
[  695408ms] [LOG] [Fast Refresh] done in 153ms @ http://localhost:3000/_next/static/chunks/node_modules_next_dist_115brz8._.js:2477
[  695568ms] [LOG] [Fast Refresh] rebuilding @ http://localhost:3000/_next/static/chunks/node_modules_next_dist_115brz8._.js:2477
[  695633ms] [LOG] [Fast Refresh] done in 170ms @ http://localhost:3000/_next/static/chunks/node_modules_next_dist_115brz8._.js:2477
[  696055ms] [LOG] [Fast Refresh] rebuilding @ http://localhost:3000/_next/static/chunks/node_modules_next_dist_115brz8._.js:2477
[  696078ms] [LOG] [Fast Refresh] done in 132ms @ http://localhost:3000/_next/static/chunks/node_modules_next_dist_115brz8._.js:2477
[  720444ms] [LOG] [Fast Refresh] rebuilding @ http://localhost:3000/_next/static/chunks/node_modules_next_dist_115brz8._.js:2477
[  720479ms] [LOG] [Fast Refresh] done in 132ms @ http://localhost:3000/_next/static/chunks/node_modules_next_dist_115brz8._.js:2477
[  720626ms] [LOG] [Fast Refresh] rebuilding @ http://localhost:3000/_next/static/chunks/node_modules_next_dist_115brz8._.js:2477
[  720638ms] [LOG] [Fast Refresh] done in 118ms @ http://localhost:3000/_next/static/chunks/node_modules_next_dist_115brz8._.js:2477
[  720928ms] [LOG] [Fast Refresh] rebuilding @ http://localhost:3000/_next/static/chunks/node_modules_next_dist_115brz8._.js:2477
[  720928ms] [LOG] [Fast Refresh] done in 108ms @ http://localhost:3000/_next/static/chunks/node_modules_next_dist_115brz8._.js:2477
[  754906ms] [LOG] [Fast Refresh] rebuilding @ http://localhost:3000/_next/static/chunks/node_modules_next_dist_115brz8._.js:2477
[  754994ms] [LOG] [Fast Refresh] done in 188ms @ http://localhost:3000/_next/static/chunks/node_modules_next_dist_115brz8._.js:2477
[  755160ms] [LOG] [Fast Refresh] rebuilding @ http://localhost:3000/_next/static/chunks/node_modules_next_dist_115brz8._.js:2477
[  755432ms] [LOG] [Fast Refresh] done in 374ms @ http://localhost:3000/_next/static/chunks/node_modules_next_dist_115brz8._.js:2477
[  755738ms] [LOG] [Fast Refresh] rebuilding @ http://localhost:3000/_next/static/chunks/node_modules_next_dist_115brz8._.js:2477
[  755785ms] [LOG] [Fast Refresh] done in 160ms @ http://localhost:3000/_next/static/chunks/node_modules_next_dist_115brz8._.js:2477
[  756045ms] [LOG] [Fast Refresh] rebuilding @ http://localhost:3000/_next/static/chunks/node_modules_next_dist_115brz8._.js:2477
[  756057ms] [LOG] [Fast Refresh] done in 127ms @ http://localhost:3000/_next/static/chunks/node_modules_next_dist_115brz8._.js:2477
